Archive member included to satisfy reference by file (symbol)

c:/programfiles/stm32cubeide_1.0.1/stm32cubeide/plugins/com.st.stm32cube.ide.mcu.externaltools.gnu-tools-for-stm32.7-2018-q2-update.win32_1.0.0.201904181610/tools/bin/../lib/gcc/arm-none-eabi/7.3.1/../../../../arm-none-eabi/lib/thumb/v7e-m/fpv4-sp/hard\libc_nano.a(lib_a-assert.o)
                              Core/Src/App/esc_coe.o (__assert_func)
c:/programfiles/stm32cubeide_1.0.1/stm32cubeide/plugins/com.st.stm32cube.ide.mcu.externaltools.gnu-tools-for-stm32.7-2018-q2-update.win32_1.0.0.201904181610/tools/bin/../lib/gcc/arm-none-eabi/7.3.1/../../../../arm-none-eabi/lib/thumb/v7e-m/fpv4-sp/hard\libc_nano.a(lib_a-errno.o)
                              Core/Src/syscalls.o (__errno)
c:/programfiles/stm32cubeide_1.0.1/stm32cubeide/plugins/com.st.stm32cube.ide.mcu.externaltools.gnu-tools-for-stm32.7-2018-q2-update.win32_1.0.0.201904181610/tools/bin/../lib/gcc/arm-none-eabi/7.3.1/../../../../arm-none-eabi/lib/thumb/v7e-m/fpv4-sp/hard\libc_nano.a(lib_a-exit.o)
                              c:/programfiles/stm32cubeide_1.0.1/stm32cubeide/plugins/com.st.stm32cube.ide.mcu.externaltools.gnu-tools-for-stm32.7-2018-q2-update.win32_1.0.0.201904181610/tools/bin/../lib/gcc/arm-none-eabi/7.3.1/../../../../arm-none-eabi/lib/thumb/v7e-m/fpv4-sp/hard/crt0.o (exit)
c:/programfiles/stm32cubeide_1.0.1/stm32cubeide/plugins/com.st.stm32cube.ide.mcu.externaltools.gnu-tools-for-stm32.7-2018-q2-update.win32_1.0.0.201904181610/tools/bin/../lib/gcc/arm-none-eabi/7.3.1/../../../../arm-none-eabi/lib/thumb/v7e-m/fpv4-sp/hard\libc_nano.a(lib_a-fprintf.o)
                              c:/programfiles/stm32cubeide_1.0.1/stm32cubeide/plugins/com.st.stm32cube.ide.mcu.externaltools.gnu-tools-for-stm32.7-2018-q2-update.win32_1.0.0.201904181610/tools/bin/../lib/gcc/arm-none-eabi/7.3.1/../../../../arm-none-eabi/lib/thumb/v7e-m/fpv4-sp/hard\libc_nano.a(lib_a-assert.o) (fiprintf)
c:/programfiles/stm32cubeide_1.0.1/stm32cubeide/plugins/com.st.stm32cube.ide.mcu.externaltools.gnu-tools-for-stm32.7-2018-q2-update.win32_1.0.0.201904181610/tools/bin/../lib/gcc/arm-none-eabi/7.3.1/../../../../arm-none-eabi/lib/thumb/v7e-m/fpv4-sp/hard\libc_nano.a(lib_a-impure.o)
                              c:/programfiles/stm32cubeide_1.0.1/stm32cubeide/plugins/com.st.stm32cube.ide.mcu.externaltools.gnu-tools-for-stm32.7-2018-q2-update.win32_1.0.0.201904181610/tools/bin/../lib/gcc/arm-none-eabi/7.3.1/../../../../arm-none-eabi/lib/thumb/v7e-m/fpv4-sp/hard\libc_nano.a(lib_a-exit.o) (_global_impure_ptr)
c:/programfiles/stm32cubeide_1.0.1/stm32cubeide/plugins/com.st.stm32cube.ide.mcu.externaltools.gnu-tools-for-stm32.7-2018-q2-update.win32_1.0.0.201904181610/tools/bin/../lib/gcc/arm-none-eabi/7.3.1/../../../../arm-none-eabi/lib/thumb/v7e-m/fpv4-sp/hard\libc_nano.a(lib_a-init.o)
                              c:/programfiles/stm32cubeide_1.0.1/stm32cubeide/plugins/com.st.stm32cube.ide.mcu.externaltools.gnu-tools-for-stm32.7-2018-q2-update.win32_1.0.0.201904181610/tools/bin/../lib/gcc/arm-none-eabi/7.3.1/../../../../arm-none-eabi/lib/thumb/v7e-m/fpv4-sp/hard/crt0.o (__libc_init_array)
c:/programfiles/stm32cubeide_1.0.1/stm32cubeide/plugins/com.st.stm32cube.ide.mcu.externaltools.gnu-tools-for-stm32.7-2018-q2-update.win32_1.0.0.201904181610/tools/bin/../lib/gcc/arm-none-eabi/7.3.1/../../../../arm-none-eabi/lib/thumb/v7e-m/fpv4-sp/hard\libc_nano.a(lib_a-memcpy-stub.o)
                              Core/Src/App/esc_coe.o (memcpy)
c:/programfiles/stm32cubeide_1.0.1/stm32cubeide/plugins/com.st.stm32cube.ide.mcu.externaltools.gnu-tools-for-stm32.7-2018-q2-update.win32_1.0.0.201904181610/tools/bin/../lib/gcc/arm-none-eabi/7.3.1/../../../../arm-none-eabi/lib/thumb/v7e-m/fpv4-sp/hard\libc_nano.a(lib_a-memset.o)
                              c:/programfiles/stm32cubeide_1.0.1/stm32cubeide/plugins/com.st.stm32cube.ide.mcu.externaltools.gnu-tools-for-stm32.7-2018-q2-update.win32_1.0.0.201904181610/tools/bin/../lib/gcc/arm-none-eabi/7.3.1/../../../../arm-none-eabi/lib/thumb/v7e-m/fpv4-sp/hard/crt0.o (memset)
c:/programfiles/stm32cubeide_1.0.1/stm32cubeide/plugins/com.st.stm32cube.ide.mcu.externaltools.gnu-tools-for-stm32.7-2018-q2-update.win32_1.0.0.201904181610/tools/bin/../lib/gcc/arm-none-eabi/7.3.1/../../../../arm-none-eabi/lib/thumb/v7e-m/fpv4-sp/hard\libc_nano.a(lib_a-nano-vfprintf.o)
                              c:/programfiles/stm32cubeide_1.0.1/stm32cubeide/plugins/com.st.stm32cube.ide.mcu.externaltools.gnu-tools-for-stm32.7-2018-q2-update.win32_1.0.0.201904181610/tools/bin/../lib/gcc/arm-none-eabi/7.3.1/../../../../arm-none-eabi/lib/thumb/v7e-m/fpv4-sp/hard\libc_nano.a(lib_a-fprintf.o) (_vfprintf_r)
c:/programfiles/stm32cubeide_1.0.1/stm32cubeide/plugins/com.st.stm32cube.ide.mcu.externaltools.gnu-tools-for-stm32.7-2018-q2-update.win32_1.0.0.201904181610/tools/bin/../lib/gcc/arm-none-eabi/7.3.1/../../../../arm-none-eabi/lib/thumb/v7e-m/fpv4-sp/hard\libc_nano.a(lib_a-nano-vfprintf_i.o)
[...]
Memory Configuration

Name             Origin             Length             Attributes
RAM              0x0000000020000000 0x00000000000a0000 xrw
FLASH            0x0000000008000000 0x0000000000200000 xr
*default*        0x0000000000000000 0xffffffffffffffff

Linker script and memory map

LOAD c:/programfiles/stm32cubeide_1.0.1/stm32cubeide/plugins/com.st.stm32cube.ide.mcu.externaltools.gnu-tools-for-stm32.7-2018-q2-update.win32_1.0.0.201904181610/tools/bin/../lib/gcc/arm-none-eabi/7.3.1/thumb/v7e-m/fpv4-sp/hard/crti.o
LOAD c:/programfiles/stm32cubeide_1.0.1/stm32cubeide/plugins/com.st.stm32cube.ide.mcu.externaltools.gnu-tools-for-stm32.7-2018-q2-update.win32_1.0.0.201904181610/tools/bin/../lib/gcc/arm-none-eabi/7.3.1/thumb/v7e-m/fpv4-sp/hard/crtbegin.o
LOAD c:/programfiles/stm32cubeide_1.0.1/stm32cubeide/plugins/com.st.stm32cube.ide.mcu.externaltools.gnu-tools-for-stm32.7-2018-q2-update.win32_1.0.0.201904181610/tools/bin/../lib/gcc/arm-none-eabi/7.3.1/../../../../arm-none-eabi/lib/thumb/v7e-m/fpv4-sp/hard/crt0.o
LOAD Core/Src/App/ecat_slv.o
LOAD Core/Src/App/esc.o
LOAD Core/Src/App/esc_coe.o
LOAD Core/Src/App/esc_eoe.o
LOAD Core/Src/App/esc_foe.o
LOAD Core/Src/App/esc_hw.o
LOAD Core/Src/App/slave_objectlist.o
LOAD Core/Src/App/spi.o
LOAD Core/Src/main.o
LOAD Core/Src/stm32l4xx_hal_msp.o
LOAD Core/Src/stm32l4xx_it.o
LOAD Core/Src/syscalls.o
LOAD Core/Src/sysmem.o
LOAD Core/Src/system_stm32l4xx.o
LOAD Core/Startup/startup_stm32l4r5zitx.o
LOAD Drivers/STM32L4xx_HAL_Driver/Src/stm32l4xx_hal.o
LOAD Drivers/STM32L4xx_HAL_Driver/Src/stm32l4xx_hal_cortex.o
LOAD Drivers/STM32L4xx_HAL_Driver/Src/stm32l4xx_hal_dma.o
LOAD Drivers/STM32L4xx_HAL_Driver/Src/stm32l4xx_hal_dma_ex.o
LOAD Drivers/STM32L4xx_HAL_Driver/Src/stm32l4xx_hal_exti.o
LOAD Drivers/STM32L4xx_HAL_Driver/Src/stm32l4xx_hal_flash.o
LOAD Drivers/STM32L4xx_HAL_Driver/Src/stm32l4xx_hal_flash_ex.o
LOAD Drivers/STM32L4xx_HAL_Driver/Src/stm32l4xx_hal_flash_ramfunc.o
LOAD Drivers/STM32L4xx_HAL_Driver/Src/stm32l4xx_hal_gpio.o
LOAD Drivers/STM32L4xx_HAL_Driver/Src/stm32l4xx_hal_i2c.o
LOAD Drivers/STM32L4xx_HAL_Driver/Src/stm32l4xx_hal_i2c_ex.o
LOAD Drivers/STM32L4xx_HAL_Driver/Src/stm32l4xx_hal_pcd.o
LOAD Drivers/STM32L4xx_HAL_Driver/Src/stm32l4xx_hal_pcd_ex.o
LOAD Drivers/STM32L4xx_HAL_Driver/Src/stm32l4xx_hal_pwr.o
LOAD Drivers/STM32L4xx_HAL_Driver/Src/stm32l4xx_hal_pwr_ex.o
LOAD Drivers/STM32L4xx_HAL_Driver/Src/stm32l4xx_hal_rcc.o
LOAD Drivers/STM32L4xx_HAL_Driver/Src/stm32l4xx_hal_rcc_ex.o
LOAD Drivers/STM32L4xx_HAL_Driver/Src/stm32l4xx_hal_spi.o
LOAD Drivers/STM32L4xx_HAL_Driver/Src/stm32l4xx_hal_spi_ex.o
LOAD Drivers/STM32L4xx_HAL_Driver/Src/stm32l4xx_hal_tim.o
LOAD Drivers/STM32L4xx_HAL_Driver/Src/stm32l4xx_hal_tim_ex.o
LOAD Drivers/STM32L4xx_HAL_Driver/Src/stm32l4xx_hal_uart.o
LOAD Drivers/STM32L4xx_HAL_Driver/Src/stm32l4xx_hal_uart_ex.o
LOAD Drivers/STM32L4xx_HAL_Driver/Src/stm32l4xx_ll_usb.o
START GROUP
LOAD c:/programfiles/stm32cubeide_1.0.1/stm32cubeide/plugins/com.st.stm32cube.ide.mcu.externaltools.gnu-tools-for-stm32.7-2018-q2-update.win32_1.0.0.201904181610/tools/bin/../lib/gcc/arm-none-eabi/7.3.1/../../../../arm-none-eabi/lib/thumb/v7e-m/fpv4-sp/hard\libc_nano.a
LOAD c:/programfiles/stm32cubeide_1.0.1/stm32cubeide/plugins/com.st.stm32cube.ide.mcu.externaltools.gnu-tools-for-stm32.7-2018-q2-update.win32_1.0.0.201904181610/tools/bin/../lib/gcc/arm-none-eabi/7.3.1/../../../../arm-none-eabi/lib/thumb/v7e-m/fpv4-sp/hard\libm.a
END GROUP
START GROUP
LOAD c:/programfiles/stm32cubeide_1.0.1/stm32cubeide/plugins/com.st.stm32cube.ide.mcu.externaltools.gnu-tools-for-stm32.7-2018-q2-update.win32_1.0.0.201904181610/tools/bin/../lib/gcc/arm-none-eabi/7.3.1/thumb/v7e-m/fpv4-sp/hard\libgcc.a
LOAD c:/programfiles/stm32cubeide_1.0.1/stm32cubeide/plugins/com.st.stm32cube.ide.mcu.externaltools.gnu-tools-for-stm32.7-2018-q2-update.win32_1.0.0.201904181610/tools/bin/../lib/gcc/arm-none-eabi/7.3.1/../../../../arm-none-eabi/lib/thumb/v7e-m/fpv4-sp/hard\libc_nano.a
END GROUP
START GROUP
LOAD c:/programfiles/stm32cubeide_1.0.1/stm32cubeide/plugins/com.st.stm32cube.ide.mcu.externaltools.gnu-tools-for-stm32.7-2018-q2-update.win32_1.0.0.201904181610/tools/bin/../lib/gcc/arm-none-eabi/7.3.1/thumb/v7e-m/fpv4-sp/hard\libgcc.a
LOAD c:/programfiles/stm32cubeide_1.0.1/stm32cubeide/plugins/com.st.stm32cube.ide.mcu.externaltools.gnu-tools-for-stm32.7-2018-q2-update.win32_1.0.0.201904181610/tools/bin/../lib/gcc/arm-none-eabi/7.3.1/../../../../arm-none-eabi/lib/thumb/v7e-m/fpv4-sp/hard\libc_nano.a
LOAD c:/programfiles/stm32cubeide_1.0.1/stm32cubeide/plugins/com.st.stm32cube.ide.mcu.externaltools.gnu-tools-for-stm32.7-2018-q2-update.win32_1.0.0.201904181610/tools/bin/../lib/gcc/arm-none-eabi/7.3.1/../../../../arm-none-eabi/lib/thumb/v7e-m/fpv4-sp/hard\libnosys.a
END GROUP
START GROUP
LOAD c:/programfiles/stm32cubeide_1.0.1/stm32cubeide/plugins/com.st.stm32cube.ide.mcu.externaltools.gnu-tools-for-stm32.7-2018-q2-update.win32_1.0.0.201904181610/tools/bin/../lib/gcc/arm-none-eabi/7.3.1/thumb/v7e-m/fpv4-sp/hard\libgcc.a
LOAD c:/programfiles/stm32cubeide_1.0.1/stm32cubeide/plugins/com.st.stm32cube.ide.mcu.externaltools.gnu-tools-for-stm32.7-2018-q2-update.win32_1.0.0.201904181610/tools/bin/../lib/gcc/arm-none-eabi/7.3.1/../../../../arm-none-eabi/lib/thumb/v7e-m/fpv4-sp/hard\libc_nano.a
LOAD c:/programfiles/stm32cubeide_1.0.1/stm32cubeide/plugins/com.st.stm32cube.ide.mcu.externaltools.gnu-tools-for-stm32.7-2018-q2-update.win32_1.0.0.201904181610/tools/bin/../lib/gcc/arm-none-eabi/7.3.1/../../../../arm-none-eabi/lib/thumb/v7e-m/fpv4-sp/hard\libnosys.a
END GROUP
LOAD c:/programfiles/stm32cubeide_1.0.1/stm32cubeide/plugins/com.st.stm32cube.ide.mcu.externaltools.gnu-tools-for-stm32.7-2018-q2-update.win32_1.0.0.201904181610/tools/bin/../lib/gcc/arm-none-eabi/7.3.1/thumb/v7e-m/fpv4-sp/hard/crtend.o
LOAD c:/programfiles/stm32cubeide_1.0.1/stm32cubeide/plugins/com.st.stm32cube.ide.mcu.externaltools.gnu-tools-for-stm32.7-2018-q2-update.win32_1.0.0.201904181610/tools/bin/../lib/gcc/arm-none-eabi/7.3.1/thumb/v7e-m/fpv4-sp/hard/crtn.o
                0x00000000200a0000                _estack = (ORIGIN (RAM) + LENGTH (RAM))
                0x0000000000000200                _Min_Heap_Size = 0x200
                0x0000000000000400                _Min_Stack_Size = 0x400

.isr_vector     0x0000000008000000      0x1bc
                0x0000000008000000                . = ALIGN (0x4)
 *(.isr_vector)
 .isr_vector    0x0000000008000000      0x1bc Core/Startup/startup_stm32l4r5zitx.o
                0x0000000008000000                g_pfnVectors
                0x00000000080001bc                . = ALIGN (0x4)

.text           0x00000000080001c0     0xafcc
                0x00000000080001c0                . = ALIGN (0x4)
 *(.text)
 .text          0x00000000080001c0       0x40 c:/programfiles/stm32cubeide_1.0.1/stm32cubeide/plugins/com.st.stm32cube.ide.mcu.externaltools.gnu-tools-for-stm32.7-2018-q2-update.win32_1.0.0.201904181610/tools/bin/../lib/gcc/arm-none-eabi/7.3.1/thumb/v7e-m/fpv4-sp/hard/crtbegin.o
 .text          0x0000000008000200       0xa0 c:/programfiles/stm32cubeide_1.0.1/stm32cubeide/plugins/com.st.stm32cube.ide.mcu.externaltools.gnu-tools-for-stm32.7-2018-q2-update.win32_1.0.0.201904181610/tools/bin/../lib/gcc/arm-none-eabi/7.3.1/../../../../arm-none-eabi/lib/thumb/v7e-m/fpv4-sp/hard\libc_nano.a(lib_a-memchr.o)
                0x0000000008000200                memchr
 .text          0x00000000080002a0       0x30 c:/programfiles/stm32cubeide_1.0.1/stm32cubeide/plugins/com.st.stm32cube.ide.mcu.externaltools.gnu-tools-for-stm32.7-2018-q2-update.win32_1.0.0.201904181610/tools/bin/../lib/gcc/arm-none-eabi/7.3.1/thumb/v7e-m/fpv4-sp/hard\libgcc.a(_aeabi_uldivmod.o)
                0x00000000080002a0                __aeabi_uldivmod
 .text          0x00000000080002d0      0x2cc c:/programfiles/stm32cubeide_1.0.1/stm32cubeide/plugins/com.st.stm32cube.ide.mcu.externaltools.gnu-tools-for-stm32.7-2018-q2-update.win32_1.0.0.201904181610/tools/bin/../lib/gcc/arm-none-eabi/7.3.1/thumb/v7e-m/fpv4-sp/hard\libgcc.a(_udivmoddi4.o)
                0x00000000080002d0                __udivmoddi4
 .text          0x000000000800059c        0x4 c:/programfiles/stm32cubeide_1.0.1/stm32cubeide/plugins/com.st.stm32cube.ide.mcu.externaltools.gnu-tools-for-stm32.7-2018-q2-update.win32_1.0.0.201904181610/tools/bin/../lib/gcc/arm-none-eabi/7.3.1/thumb/v7e-m/fpv4-sp/hard\libgcc.a(_dvmd_tls.o)
                0x000000000800059c                __aeabi_idiv0
                0x000000000800059c                __aeabi_ldiv0
 *(.text*)
 .text.ESC_pre_objecthandler
                0x00000000080005a0       0x90 Core/Src/App/ecat_slv.o
                0x00000000080005a0                ESC_pre_objecthandler
 .text.ESC_objecthandler
                0x0000000008000630       0x34 Core/Src/App/ecat_slv.o
                0x0000000008000630                ESC_objecthandler
 .text.APP_safeoutput
                0x0000000008000664       0x24 Core/Src/App/ecat_slv.o
                0x0000000008000664                APP_safeoutput
 .text.TXPDO_update
                0x0000000008000688       0x48 Core/Src/App/ecat_slv.o
                0x0000000008000688                TXPDO_update
 .text.RXPDO_update
                0x00000000080006d0       0x48 Core/Src/App/ecat_slv.o
                0x00000000080006d0                RXPDO_update
 .text.DIG_process
                0x0000000008000718      0x154 Core/Src/App/ecat_slv.o
                0x0000000008000718                DIG_process
 .text.ecat_slv_poll
                0x000000000800086c       0x54 Core/Src/App/ecat_slv.o
                0x000000000800086c                ecat_slv_poll
 .text.ecat_slv
                0x00000000080008c0       0x12 Core/Src/App/ecat_slv.o
                0x00000000080008c0                ecat_slv
 *fill*         0x00000000080008d2        0x2 
 .text.ecat_slv_init
                0x00000000080008d4       0x80 Core/Src/App/ecat_slv.o
                0x00000000080008d4                ecat_slv_init
 .text.ESC_ALerror
                0x0000000008000954       0x34 Core/Src/App/esc.o
                0x0000000008000954                ESC_ALerror
 .text.ESC_ALstatus
                0x0000000008000988       0x38 Core/Src/App/esc.o
                0x0000000008000988                ESC_ALstatus
 .text.ESC_ALstatusgotoerror
                0x00000000080009c0       0xb8 Core/Src/App/esc.o
                0x00000000080009c0                ESC_ALstatusgotoerror
 .text.ESC_SMack
                0x0000000008000a78       0x2c Core/Src/App/esc.o
                0x0000000008000a78                ESC_SMack
 .text.ESC_SMstatus
                0x0000000008000aa4       0x3c Core/Src/App/esc.o
                0x0000000008000aa4                ESC_SMstatus
 .text.ESC_SMwritepdi
                0x0000000008000ae0       0x3c Core/Src/App/esc.o
                0x0000000008000ae0                ESC_SMwritepdi
 .text.ESC_SMenable
                0x0000000008000b1c       0x38 Core/Src/App/esc.o
                0x0000000008000b1c                ESC_SMenable
 .text.ESC_SMdisable
                0x0000000008000b54       0x38 Core/Src/App/esc.o
                0x0000000008000b54                ESC_SMdisable
 .text.ESC_address
                0x0000000008000b8c       0x28 Core/Src/App/esc.o
                0x0000000008000b8c                ESC_address
 .text.ESC_SYNCactivation
                0x0000000008000bb4       0x1e Core/Src/App/esc.o
                0x0000000008000bb4                ESC_SYNCactivation
 *fill*         0x0000000008000bd2        0x2 
 .text.ESC_checkDC
                0x0000000008000bd4       0x54 Core/Src/App/esc.o
                0x0000000008000bd4                ESC_checkDC
 .text.ESC_checkmbx
                0x0000000008000c28       0xec Core/Src/App/esc.o
                0x0000000008000c28                ESC_checkmbx
 .text.ESC_startmbx
                0x0000000008000d14       0x8c Core/Src/App/esc.o
                0x0000000008000d14                ESC_startmbx
 .text.ESC_startmbxboot
                0x0000000008000da0       0x8c Core/Src/App/esc.o
                0x0000000008000da0                ESC_startmbxboot
 .text.ESC_stopmbx
                0x0000000008000e2c       0x94 Core/Src/App/esc.o
                0x0000000008000e2c                ESC_stopmbx
 .text.ESC_readmbx
                0x0000000008000ec0       0x8c Core/Src/App/esc.o
                0x0000000008000ec0                ESC_readmbx
 .text.ESC_writembx
                0x0000000008000f4c       0x90 Core/Src/App/esc.o
                0x0000000008000f4c                ESC_writembx
 .text.ESC_ackmbxread
                0x0000000008000fdc       0x30 Core/Src/App/esc.o
                0x0000000008000fdc                ESC_ackmbxread
 .text.ESC_claimbuffer
                0x000000000800100c       0xd4 Core/Src/App/esc.o
                0x000000000800100c                ESC_claimbuffer
 .text.ESC_outreqbuffer
                0x00000000080010e0       0x34 Core/Src/App/esc.o
                0x00000000080010e0                ESC_outreqbuffer
 .text.MBX_error
                0x0000000008001114       0x70 Core/Src/App/esc.o
                0x0000000008001114                MBX_error
 .text.ESC_mbxprocess
                0x0000000008001184      0x274 Core/Src/App/esc.o
                0x0000000008001184                ESC_mbxprocess
 .text.ESC_xoeprocess
                0x00000000080013f8       0x68 Core/Src/App/esc.o
                0x00000000080013f8                ESC_xoeprocess
 .text.ESC_checkSM23
                0x0000000008001460       0xdc Core/Src/App/esc.o
                0x0000000008001460                ESC_checkSM23
 .text.ESC_startinput
                0x000000000800153c       0xdc Core/Src/App/esc.o
                0x000000000800153c                ESC_startinput
 .text.ESC_stopinput
                0x0000000008001618       0x44 Core/Src/App/esc.o
                0x0000000008001618                ESC_stopinput
 .text.ESC_startoutput
                0x000000000800165c       0x38 Core/Src/App/esc.o
                0x000000000800165c                ESC_startoutput
 .text.ESC_stopoutput
                0x0000000008001694       0x30 Core/Src/App/esc.o
                0x0000000008001694                ESC_stopoutput
 .text.ESC_sm_act_event
                0x00000000080016c4      0x168 Core/Src/App/esc.o
                0x00000000080016c4                ESC_sm_act_event
 .text.ESC_state
                0x000000000800182c      0x48c Core/Src/App/esc.o
                0x000000000800182c                ESC_state
 .text.ESC_config
                0x0000000008001cb8       0xdc Core/Src/App/esc.o
                0x0000000008001cb8                ESC_config
 .text.SDO_findsubindex
                0x0000000008001d94       0xb0 Core/Src/App/esc_coe.o
                0x0000000008001d94                SDO_findsubindex
 .text.SDO_findobject
                0x0000000008001e44       0x60 Core/Src/App/esc_coe.o
                0x0000000008001e44                SDO_findobject
 .text.sizeOfPDO
                0x0000000008001ea4      0x2a4 Core/Src/App/esc_coe.o
                0x0000000008001ea4                sizeOfPDO
 .text.copy2mbx
                0x0000000008002148       0x22 Core/Src/App/esc_coe.o
                0x0000000008002148                copy2mbx
 *fill*         0x000000000800216a        0x2 
 .text.SDO_abort
                0x000000000800216c       0x8c Core/Src/App/esc_coe.o
                0x000000000800216c                SDO_abort
 .text.SDO_upload
                0x00000000080021f8      0x254 Core/Src/App/esc_coe.o
                0x00000000080021f8                SDO_upload
 .text.SDO_uploadsegment
                0x000000000800244c      0x148 Core/Src/App/esc_coe.o
                0x000000000800244c                SDO_uploadsegment
 .text.SDO_download
                0x0000000008002594      0x278 Core/Src/App/esc_coe.o
                0x0000000008002594                SDO_download
 .text.SDO_infoerror
                0x000000000800280c       0xb0 Core/Src/App/esc_coe.o
                0x000000000800280c                SDO_infoerror
 .text.SDO_getodlist
                0x00000000080028bc      0x250 Core/Src/App/esc_coe.o
                0x00000000080028bc                SDO_getodlist
 .text.SDO_getodlistcont
                0x0000000008002b0c      0x14c Core/Src/App/esc_coe.o
                0x0000000008002b0c                SDO_getodlistcont
 .text.SDO_getod
                0x0000000008002c58      0x250 Core/Src/App/esc_coe.o
                0x0000000008002c58                SDO_getod
 .text.SDO_geted
                0x0000000008002ea8      0x1c0 Core/Src/App/esc_coe.o
                0x0000000008002ea8                SDO_geted
 .text.ESC_coeprocess
                0x0000000008003068      0x188 Core/Src/App/esc_coe.o
                0x0000000008003068                ESC_coeprocess
 .text.COE_bitsliceGet
                0x00000000080031f0      0x132 Core/Src/App/esc_coe.o
 .text.COE_bitsliceSet
                0x0000000008003322      0x212 Core/Src/App/esc_coe.o
 .text.COE_getValue
                0x0000000008003534      0x170 Core/Src/App/esc_coe.o
 .text.COE_setValue
                0x00000000080036a4      0x13c Core/Src/App/esc_coe.o
 .text.COE_initDefaultValues
                0x00000000080037e0      0x128 Core/Src/App/esc_coe.o
                0x00000000080037e0                COE_initDefaultValues
 .text.COE_pdoPack
                0x0000000008003908       0xb8 Core/Src/App/esc_coe.o
                0x0000000008003908                COE_pdoPack
 .text.COE_pdoUnpack
                0x00000000080039c0       0xb4 Core/Src/App/esc_coe.o
                0x00000000080039c0                COE_pdoUnpack
 .text.COE_maxSub
                0x0000000008003a74       0x7c Core/Src/App/esc_coe.o
                0x0000000008003a74                COE_maxSub
 .text.FOE_fopen
                0x0000000008003af0      0x14c Core/Src/App/esc_foe.o
                0x0000000008003af0                FOE_fopen
 .text.FOE_fwrite
                0x0000000008003c3c      0x108 Core/Src/App/esc_foe.o
                0x0000000008003c3c                FOE_fwrite
 .text.FOE_fclose
                0x0000000008003d44       0x68 Core/Src/App/esc_foe.o
                0x0000000008003d44                FOE_fclose
 .text.FOE_init
                0x0000000008003dac       0x5c Core/Src/App/esc_foe.o
                0x0000000008003dac                FOE_init
 .text.FOE_abort
                0x0000000008003e08       0x80 Core/Src/App/esc_foe.o
                0x0000000008003e08                FOE_abort
 .text.FOE_send_ack
                0x0000000008003e88       0x98 Core/Src/App/esc_foe.o
                0x0000000008003e88                FOE_send_ack
 .text.FOE_write
                0x0000000008003f20       0x88 Core/Src/App/esc_foe.o
                0x0000000008003f20                FOE_write
 .text.FOE_data
                0x0000000008003fa8      0x160 Core/Src/App/esc_foe.o
                0x0000000008003fa8                FOE_data
 .text.FOE_error
                0x0000000008004108        0xe Core/Src/App/esc_foe.o
                0x0000000008004108                FOE_error
 *fill*         0x0000000008004116        0x2 
 .text.ESC_foeprocess
                0x0000000008004118       0xd4 Core/Src/App/esc_foe.o
                0x0000000008004118                ESC_foeprocess
 .text.lan9252_write_32
                0x00000000080041ec       0x74 Core/Src/App/esc_hw.o
 .text.lan9252_read_32
                0x0000000008004260       0x7c Core/Src/App/esc_hw.o
 .text.ESC_read_csr
                0x00000000080042dc       0x5e Core/Src/App/esc_hw.o
 .text.ESC_write_csr
                0x000000000800433a       0x5e Core/Src/App/esc_hw.o
 .text.ESC_read_pram
                0x0000000008004398      0x160 Core/Src/App/esc_hw.o
 .text.ESC_write_pram
                0x00000000080044f8      0x170 Core/Src/App/esc_hw.o
 .text.ESC_read
                0x0000000008004668       0xc4 Core/Src/App/esc_hw.o
                0x0000000008004668                ESC_read
 .text.ESC_write
                0x000000000800472c       0xc4 Core/Src/App/esc_hw.o
                0x000000000800472c                ESC_write
 .text.ESC_init
                0x00000000080047f0       0x2e Core/Src/App/esc_hw.o
                0x00000000080047f0                ESC_init
 .text.spi_select
                0x000000000800481e       0x1e Core/Src/App/spi.o
                0x000000000800481e                spi_select
 .text.spi_unselect
                0x000000000800483c       0x1e Core/Src/App/spi.o
                0x000000000800483c                spi_unselect
 *fill*         0x000000000800485a        0x2 
 .text.write    0x000000000800485c       0x2c Core/Src/App/spi.o
                0x000000000800485c                write
 .text.read     0x0000000008004888       0x2c Core/Src/App/spi.o
                0x0000000008004888                read
 .text.cb_get_inputs
                0x00000000080048b4       0x70 Core/Src/main.o
                0x00000000080048b4                cb_get_inputs
 .text.cb_set_outputs
                0x0000000008004924        0xe Core/Src/main.o
                0x0000000008004924                cb_set_outputs
 *fill*         0x0000000008004932        0x2 
 .text.main     0x0000000008004934       0x3c Core/Src/main.o
                0x0000000008004934                main
 .text.SystemClock_Config
                0x0000000008004970      0x10e Core/Src/main.o
                0x0000000008004970                SystemClock_Config
 *fill*         0x0000000008004a7e        0x2 
 .text.MX_LPUART1_UART_Init
                0x0000000008004a80       0x88 Core/Src/main.o
 .text.MX_USART3_UART_Init
                0x0000000008004b08       0x98 Core/Src/main.o
 .text.MX_SPI1_Init
                0x0000000008004ba0       0x7c Core/Src/main.o
 .text.MX_USB_OTG_FS_PCD_Init
                0x0000000008004c1c       0x54 Core/Src/main.o
 .text.MX_GPIO_Init
                0x0000000008004c70      0x198 Core/Src/main.o
 .text.Error_Handler
                0x0000000008004e08        0xe Core/Src/main.o
                0x0000000008004e08                Error_Handler
 *fill*         0x0000000008004e16        0x2 
 .text.HAL_MspInit
                0x0000000008004e18       0x48 Core/Src/stm32l4xx_hal_msp.o
                0x0000000008004e18                HAL_MspInit
 .text.HAL_UART_MspInit
                0x0000000008004e60       0xf4 Core/Src/stm32l4xx_hal_msp.o
                0x0000000008004e60                HAL_UART_MspInit
 .text.HAL_SPI_MspInit
                0x0000000008004f54       0x84 Core/Src/stm32l4xx_hal_msp.o
                0x0000000008004f54                HAL_SPI_MspInit
 .text.HAL_PCD_MspInit
                0x0000000008004fd8       0xd8 Core/Src/stm32l4xx_hal_msp.o
                0x0000000008004fd8                HAL_PCD_MspInit
 .text.NMI_Handler
                0x00000000080050b0        0xe Core/Src/stm32l4xx_it.o
                0x00000000080050b0                NMI_Handler
 .text.HardFault_Handler
                0x00000000080050be        0x6 Core/Src/stm32l4xx_it.o
                0x00000000080050be                HardFault_Handler
 .text.MemManage_Handler
                0x00000000080050c4        0x6 Core/Src/stm32l4xx_it.o
                0x00000000080050c4                MemManage_Handler
 .text.BusFault_Handler
                0x00000000080050ca        0x6 Core/Src/stm32l4xx_it.o
                0x00000000080050ca                BusFault_Handler
 .text.UsageFault_Handler
                0x00000000080050d0        0x6 Core/Src/stm32l4xx_it.o
                0x00000000080050d0                UsageFault_Handler
 .text.SVC_Handler
                0x00000000080050d6        0xe Core/Src/stm32l4xx_it.o
                0x00000000080050d6                SVC_Handler
 .text.DebugMon_Handler
                0x00000000080050e4        0xe Core/Src/stm32l4xx_it.o
                0x00000000080050e4                DebugMon_Handler
 .text.PendSV_Handler
                0x00000000080050f2        0xe Core/Src/stm32l4xx_it.o
                0x00000000080050f2                PendSV_Handler
 .text.SysTick_Handler
                0x0000000008005100        0xc Core/Src/stm32l4xx_it.o
                0x0000000008005100                SysTick_Handler
 .text._getpid  0x000000000800510c       0x10 Core/Src/syscalls.o
                0x000000000800510c                _getpid
 .text._kill    0x000000000800511c       0x20 Core/Src/syscalls.o
                0x000000000800511c                _kill
 .text._exit    0x000000000800513c       0x14 Core/Src/syscalls.o
                0x000000000800513c                _exit
 .text._read    0x0000000008005150       0x3a Core/Src/syscalls.o
                0x0000000008005150                _read
 *fill*         0x000000000800518a        0x2 
 .text._write   0x000000000800518c       0x2c Core/Src/syscalls.o
                0x000000000800518c                _write
 .text._close   0x00000000080051b8       0x18 Core/Src/syscalls.o
                0x00000000080051b8                _close
 .text._fstat   0x00000000080051d0       0x20 Core/Src/syscalls.o
                0x00000000080051d0                _fstat
 .text._isatty  0x00000000080051f0       0x16 Core/Src/syscalls.o
                0x00000000080051f0                _isatty
 .text._lseek   0x0000000008005206       0x1a Core/Src/syscalls.o
                0x0000000008005206                _lseek
 .text._sbrk    0x0000000008005220       0x58 Core/Src/sysmem.o
                0x0000000008005220                _sbrk
 .text.SystemInit
                0x0000000008005278       0x6c Core/Src/system_stm32l4xx.o
                0x0000000008005278                SystemInit
 .text.Reset_Handler
                0x00000000080052e4       0x50 Core/Startup/startup_stm32l4r5zitx.o
                0x00000000080052e4                Reset_Handler
 .text.Default_Handler
                0x0000000008005334        0x2 Core/Startup/startup_stm32l4r5zitx.o
                0x0000000008005334                RTC_Alarm_IRQHandler
                0x0000000008005334                EXTI2_IRQHandler
                0x0000000008005334                TIM8_TRG_COM_IRQHandler
                0x0000000008005334                TIM8_CC_IRQHandler
                0x0000000008005334                TIM1_CC_IRQHandler
                0x0000000008005334                TSC_IRQHandler
                0x0000000008005334                TAMP_STAMP_IRQHandler
                0x0000000008005334                EXTI3_IRQHandler
                0x0000000008005334                LPTIM2_IRQHandler
                0x0000000008005334                DFSDM1_FLT1_IRQHandler
                0x0000000008005334                GFXMMU_IRQHandler
                0x0000000008005334                I2C3_ER_IRQHandler
                0x0000000008005334                DFSDM1_FLT2_IRQHandler
                0x0000000008005334                EXTI0_IRQHandler
                0x0000000008005334                I2C2_EV_IRQHandler
                0x0000000008005334                CAN1_RX0_IRQHandler
                0x0000000008005334                FPU_IRQHandler
                0x0000000008005334                TIM1_UP_TIM16_IRQHandler
                0x0000000008005334                LTDC_ER_IRQHandler
                0x0000000008005334                SPI1_IRQHandler
                0x0000000008005334                OCTOSPI1_IRQHandler
                0x0000000008005334                TIM6_DAC_IRQHandler
                0x0000000008005334                DCMI_IRQHandler
                0x0000000008005334                TIM8_UP_IRQHandler
                0x0000000008005334                OCTOSPI2_IRQHandler
                0x0000000008005334                DMA2_Channel2_IRQHandler
                0x0000000008005334                DMA1_Channel4_IRQHandler
                0x0000000008005334                SAI2_IRQHandler
                0x0000000008005334                ADC1_IRQHandler
                0x0000000008005334                DFSDM1_FLT3_IRQHandler
                0x0000000008005334                USART3_IRQHandler
                0x0000000008005334                DMA1_Channel7_IRQHandler
                0x0000000008005334                CAN1_RX1_IRQHandler
                0x0000000008005334                UART5_IRQHandler
                0x0000000008005334                TIM4_IRQHandler
                0x0000000008005334                DMA2_Channel1_IRQHandler
                0x0000000008005334                I2C1_EV_IRQHandler
                0x0000000008005334                DMAMUX1_OVR_IRQHandler
                0x0000000008005334                DMA1_Channel6_IRQHandler
                0x0000000008005334                UART4_IRQHandler
                0x0000000008005334                DMA2_Channel4_IRQHandler
                0x0000000008005334                TIM3_IRQHandler
                0x0000000008005334                RCC_IRQHandler
                0x0000000008005334                DMA1_Channel1_IRQHandler
                0x0000000008005334                Default_Handler
                0x0000000008005334                DMA2_Channel7_IRQHandler
                0x0000000008005334                EXTI15_10_IRQHandler
                0x0000000008005334                TIM7_IRQHandler
                0x0000000008005334                SDMMC1_IRQHandler
                0x0000000008005334                TIM5_IRQHandler
                0x0000000008005334                I2C3_EV_IRQHandler
                0x0000000008005334                EXTI9_5_IRQHandler
                0x0000000008005334                RTC_WKUP_IRQHandler
                0x0000000008005334                LTDC_IRQHandler
                0x0000000008005334                PVD_PVM_IRQHandler
                0x0000000008005334                SPI2_IRQHandler
                0x0000000008005334                CAN1_TX_IRQHandler
                0x0000000008005334                DMA2_Channel5_IRQHandler
                0x0000000008005334                CRS_IRQHandler
                0x0000000008005334                DMA1_Channel5_IRQHandler
                0x0000000008005334                EXTI4_IRQHandler
                0x0000000008005334                RNG_IRQHandler
                0x0000000008005334                TIM1_TRG_COM_TIM17_IRQHandler
                0x0000000008005334                DMA1_Channel3_IRQHandler
                0x0000000008005334                COMP_IRQHandler
                0x0000000008005334                WWDG_IRQHandler
                0x0000000008005334                I2C4_EV_IRQHandler
                0x0000000008005334                LPUART1_IRQHandler
                0x0000000008005334                DMA2_Channel6_IRQHandler
                0x0000000008005334                TIM2_IRQHandler
                0x0000000008005334                DMA2D_IRQHandler
                0x0000000008005334                EXTI1_IRQHandler
                0x0000000008005334                USART2_IRQHandler
                0x0000000008005334                DFSDM1_FLT0_IRQHandler
                0x0000000008005334                I2C2_ER_IRQHandler
                0x0000000008005334                DMA1_Channel2_IRQHandler
                0x0000000008005334                TIM8_BRK_IRQHandler
                0x0000000008005334                CAN1_SCE_IRQHandler
                0x0000000008005334                FLASH_IRQHandler
                0x0000000008005334                USART1_IRQHandler
                0x0000000008005334                OTG_FS_IRQHandler
                0x0000000008005334                SPI3_IRQHandler
                0x0000000008005334                I2C1_ER_IRQHandler
                0x0000000008005334                FMC_IRQHandler
                0x0000000008005334                LPTIM1_IRQHandler
                0x0000000008005334                I2C4_ER_IRQHandler
                0x0000000008005334                SAI1_IRQHandler
                0x0000000008005334                DMA2_Channel3_IRQHandler
                0x0000000008005334                TIM1_BRK_TIM15_IRQHandler
 .text.HAL_Init
                0x0000000008005336       0x30 Drivers/STM32L4xx_HAL_Driver/Src/stm32l4xx_hal.o
                0x0000000008005336                HAL_Init
 *fill*         0x0000000008005366        0x2 
 .text.HAL_InitTick
                0x0000000008005368       0x74 Drivers/STM32L4xx_HAL_Driver/Src/stm32l4xx_hal.o
                0x0000000008005368                HAL_InitTick
 .text.HAL_IncTick
                0x00000000080053dc       0x24 Drivers/STM32L4xx_HAL_Driver/Src/stm32l4xx_hal.o
                0x00000000080053dc                HAL_IncTick
 .text.HAL_GetTick
                0x0000000008005400       0x18 Drivers/STM32L4xx_HAL_Driver/Src/stm32l4xx_hal.o
                0x0000000008005400                HAL_GetTick
 .text.HAL_Delay
                0x0000000008005418       0x44 Drivers/STM32L4xx_HAL_Driver/Src/stm32l4xx_hal.o
                0x0000000008005418                HAL_Delay
 .text.__NVIC_SetPriorityGrouping
                0x000000000800545c       0x48 Drivers/STM32L4xx_HAL_Driver/Src/stm32l4xx_hal_cortex.o
 .text.__NVIC_GetPriorityGrouping
                0x00000000080054a4       0x1c Drivers/STM32L4xx_HAL_Driver/Src/stm32l4xx_hal_cortex.o
 .text.__NVIC_SetPriority
                0x00000000080054c0       0x54 Drivers/STM32L4xx_HAL_Driver/Src/stm32l4xx_hal_cortex.o
 .text.NVIC_EncodePriority
                0x0000000008005514       0x66 Drivers/STM32L4xx_HAL_Driver/Src/stm32l4xx_hal_cortex.o
 *fill*         0x000000000800557a        0x2 
 .text.SysTick_Config
                0x000000000800557c       0x44 Drivers/STM32L4xx_HAL_Driver/Src/stm32l4xx_hal_cortex.o
 .text.HAL_NVIC_SetPriorityGrouping
                0x00000000080055c0       0x16 Drivers/STM32L4xx_HAL_Driver/Src/stm32l4xx_hal_cortex.o
                0x00000000080055c0                HAL_NVIC_SetPriorityGrouping
 .text.HAL_NVIC_SetPriority
                0x00000000080055d6       0x38 Drivers/STM32L4xx_HAL_Driver/Src/stm32l4xx_hal_cortex.o
                0x00000000080055d6                HAL_NVIC_SetPriority
 .text.HAL_SYSTICK_Config
                0x000000000800560e       0x18 Drivers/STM32L4xx_HAL_Driver/Src/stm32l4xx_hal_cortex.o
                0x000000000800560e                HAL_SYSTICK_Config
 *fill*         0x0000000008005626        0x2 
 .text.HAL_GPIO_Init
                0x0000000008005628      0x324 Drivers/STM32L4xx_HAL_Driver/Src/stm32l4xx_hal_gpio.o
                0x0000000008005628                HAL_GPIO_Init
 .text.HAL_GPIO_WritePin
                0x000000000800594c       0x30 Drivers/STM32L4xx_HAL_Driver/Src/stm32l4xx_hal_gpio.o
                0x000000000800594c                HAL_GPIO_WritePin
 .text.HAL_PCD_Init
                0x000000000800597c      0x248 Drivers/STM32L4xx_HAL_Driver/Src/stm32l4xx_hal_pcd.o
                0x000000000800597c                HAL_PCD_Init
 .text.HAL_PCDEx_ActivateLPM
                0x0000000008005bc4       0x48 Drivers/STM32L4xx_HAL_Driver/Src/stm32l4xx_hal_pcd_ex.o
                0x0000000008005bc4                HAL_PCDEx_ActivateLPM
 .text.HAL_PWREx_GetVoltageRange
                0x0000000008005c0c       0x40 Drivers/STM32L4xx_HAL_Driver/Src/stm32l4xx_hal_pwr_ex.o
                0x0000000008005c0c                HAL_PWREx_GetVoltageRange
 .text.HAL_PWREx_ControlVoltageScaling
                0x0000000008005c4c      0x148 Drivers/STM32L4xx_HAL_Driver/Src/stm32l4xx_hal_pwr_ex.o
                0x0000000008005c4c                HAL_PWREx_ControlVoltageScaling
 .text.HAL_PWREx_EnableVddUSB
                0x0000000008005d94       0x20 Drivers/STM32L4xx_HAL_Driver/Src/stm32l4xx_hal_pwr_ex.o
                0x0000000008005d94                HAL_PWREx_EnableVddUSB
 .text.HAL_PWREx_EnableVddIO2
                0x0000000008005db4       0x20 Drivers/STM32L4xx_HAL_Driver/Src/stm32l4xx_hal_pwr_ex.o
                0x0000000008005db4                HAL_PWREx_EnableVddIO2
 .text.HAL_RCC_OscConfig
                0x0000000008005dd4      0x7dc Drivers/STM32L4xx_HAL_Driver/Src/stm32l4xx_hal_rcc.o
                0x0000000008005dd4                HAL_RCC_OscConfig
 .text.HAL_RCC_ClockConfig
                0x00000000080065b0      0x258 Drivers/STM32L4xx_HAL_Driver/Src/stm32l4xx_hal_rcc.o
                0x00000000080065b0                HAL_RCC_ClockConfig
 .text.HAL_RCC_GetSysClockFreq
                0x0000000008006808      0x114 Drivers/STM32L4xx_HAL_Driver/Src/stm32l4xx_hal_rcc.o
                0x0000000008006808                HAL_RCC_GetSysClockFreq
 .text.HAL_RCC_GetHCLKFreq
                0x000000000800691c       0x18 Drivers/STM32L4xx_HAL_Driver/Src/stm32l4xx_hal_rcc.o
                0x000000000800691c                HAL_RCC_GetHCLKFreq
 .text.HAL_RCC_GetPCLK1Freq
                0x0000000008006934       0x2c Drivers/STM32L4xx_HAL_Driver/Src/stm32l4xx_hal_rcc.o
                0x0000000008006934                HAL_RCC_GetPCLK1Freq
 .text.HAL_RCC_GetPCLK2Freq
                0x0000000008006960       0x2c Drivers/STM32L4xx_HAL_Driver/Src/stm32l4xx_hal_rcc.o
                0x0000000008006960                HAL_RCC_GetPCLK2Freq
 .text.RCC_SetFlashLatencyFromMSIRange
                0x000000000800698c       0xb4 Drivers/STM32L4xx_HAL_Driver/Src/stm32l4xx_hal_rcc.o
 .text.RCC_GetSysClockFreqFromPLLSource
                0x0000000008006a40       0xd0 Drivers/STM32L4xx_HAL_Driver/Src/stm32l4xx_hal_rcc.o
 .text.HAL_RCCEx_PeriphCLKConfig
                0x0000000008006b10      0x650 Drivers/STM32L4xx_HAL_Driver/Src/stm32l4xx_hal_rcc_ex.o
                0x0000000008006b10                HAL_RCCEx_PeriphCLKConfig
 .text.RCCEx_PLLSAI1_Config
                0x0000000008007160      0x1e0 Drivers/STM32L4xx_HAL_Driver/Src/stm32l4xx_hal_rcc_ex.o
 .text.RCCEx_PLLSAI2_Config
                0x0000000008007340      0x1e0 Drivers/STM32L4xx_HAL_Driver/Src/stm32l4xx_hal_rcc_ex.o
 .text.HAL_SPI_Init
                0x0000000008007520      0x114 Drivers/STM32L4xx_HAL_Driver/Src/stm32l4xx_hal_spi.o
                0x0000000008007520                HAL_SPI_Init
 .text.HAL_SPI_Transmit
                0x0000000008007634      0x2cc Drivers/STM32L4xx_HAL_Driver/Src/stm32l4xx_hal_spi.o
                0x0000000008007634                HAL_SPI_Transmit
 .text.HAL_SPI_Receive
                0x0000000008007900      0x250 Drivers/STM32L4xx_HAL_Driver/Src/stm32l4xx_hal_spi.o
                0x0000000008007900                HAL_SPI_Receive
 .text.HAL_SPI_TransmitReceive
                0x0000000008007b50      0x426 Drivers/STM32L4xx_HAL_Driver/Src/stm32l4xx_hal_spi.o
                0x0000000008007b50                HAL_SPI_TransmitReceive
 .text.SPI_WaitFlagStateUntilTimeout
                0x0000000008007f76       0xd4 Drivers/STM32L4xx_HAL_Driver/Src/stm32l4xx_hal_spi.o
 .text.SPI_WaitFifoStateUntilTimeout
                0x000000000800804a       0xda Drivers/STM32L4xx_HAL_Driver/Src/stm32l4xx_hal_spi.o
 .text.SPI_EndRxTransaction
                0x0000000008008124       0xb0 Drivers/STM32L4xx_HAL_Driver/Src/stm32l4xx_hal_spi.o
 .text.SPI_EndRxTxTransaction
                0x00000000080081d4       0x8c Drivers/STM32L4xx_HAL_Driver/Src/stm32l4xx_hal_spi.o
 .text.HAL_UART_Init
                0x0000000008008260       0xa0 Drivers/STM32L4xx_HAL_Driver/Src/stm32l4xx_hal_uart.o
                0x0000000008008260                HAL_UART_Init
 .text.HAL_UART_Transmit
                0x0000000008008300      0x12e Drivers/STM32L4xx_HAL_Driver/Src/stm32l4xx_hal_uart.o
                0x0000000008008300                HAL_UART_Transmit
 *fill*         0x000000000800842e        0x2 
 .text.UART_SetConfig
                0x0000000008008430     0x1380 Drivers/STM32L4xx_HAL_Driver/Src/stm32l4xx_hal_uart.o
                0x0000000008008430                UART_SetConfig
 .text.UART_AdvFeatureConfig
                0x00000000080097b0      0x144 Drivers/STM32L4xx_HAL_Driver/Src/stm32l4xx_hal_uart.o
                0x00000000080097b0                UART_AdvFeatureConfig
 .text.UART_CheckIdleState
                0x00000000080098f4       0x90 Drivers/STM32L4xx_HAL_Driver/Src/stm32l4xx_hal_uart.o
                0x00000000080098f4                UART_CheckIdleState
 .text.UART_WaitOnFlagUntilTimeout
                0x0000000008009984       0x94 Drivers/STM32L4xx_HAL_Driver/Src/stm32l4xx_hal_uart.o
                0x0000000008009984                UART_WaitOnFlagUntilTimeout
 .text.HAL_UARTEx_DisableFifoMode
                0x0000000008009a18       0x72 Drivers/STM32L4xx_HAL_Driver/Src/stm32l4xx_hal_uart_ex.o
                0x0000000008009a18                HAL_UARTEx_DisableFifoMode
 .text.HAL_UARTEx_SetTxFifoThreshold
                0x0000000008009a8a       0x7c Drivers/STM32L4xx_HAL_Driver/Src/stm32l4xx_hal_uart_ex.o
                0x0000000008009a8a                HAL_UARTEx_SetTxFifoThreshold
 .text.HAL_UARTEx_SetRxFifoThreshold
                0x0000000008009b06       0x7c Drivers/STM32L4xx_HAL_Driver/Src/stm32l4xx_hal_uart_ex.o
                0x0000000008009b06                HAL_UARTEx_SetRxFifoThreshold
 *fill*         0x0000000008009b82        0x2 
 .text.UARTEx_SetNbDataToProcess
                0x0000000008009b84       0xd0 Drivers/STM32L4xx_HAL_Driver/Src/stm32l4xx_hal_uart_ex.o
 .text.USB_CoreInit
                0x0000000008009c54       0xa4 Drivers/STM32L4xx_HAL_Driver/Src/stm32l4xx_ll_usb.o
                0x0000000008009c54                USB_CoreInit
 .text.USB_DisableGlobalInt
                0x0000000008009cf8       0x22 Drivers/STM32L4xx_HAL_Driver/Src/stm32l4xx_ll_usb.o
                0x0000000008009cf8                USB_DisableGlobalInt
 .text.USB_SetCurrentMode
                0x0000000008009d1a       0x54 Drivers/STM32L4xx_HAL_Driver/Src/stm32l4xx_ll_usb.o
                0x0000000008009d1a                USB_SetCurrentMode
 *fill*         0x0000000008009d6e        0x2 
 .text.USB_DevInit
                0x0000000008009d70      0x284 Drivers/STM32L4xx_HAL_Driver/Src/stm32l4xx_ll_usb.o
                0x0000000008009d70                USB_DevInit
 .text.USB_FlushTxFifo
                0x0000000008009ff4       0x4c Drivers/STM32L4xx_HAL_Driver/Src/stm32l4xx_ll_usb.o
                0x0000000008009ff4                USB_FlushTxFifo
 .text.USB_FlushRxFifo
                0x000000000800a040       0x44 Drivers/STM32L4xx_HAL_Driver/Src/stm32l4xx_ll_usb.o
                0x000000000800a040                USB_FlushRxFifo
 .text.USB_SetDevSpeed
                0x000000000800a084       0x32 Drivers/STM32L4xx_HAL_Driver/Src/stm32l4xx_ll_usb.o
                0x000000000800a084                USB_SetDevSpeed
 .text.USB_DevDisconnect
                0x000000000800a0b6       0x30 Drivers/STM32L4xx_HAL_Driver/Src/stm32l4xx_ll_usb.o
                0x000000000800a0b6                USB_DevDisconnect
 *fill*         0x000000000800a0e6        0x2 
 .text.USB_CoreReset
                0x000000000800a0e8       0x68 Drivers/STM32L4xx_HAL_Driver/Src/stm32l4xx_ll_usb.o
 .text.__assert_func
                0x000000000800a150       0x3c c:/programfiles/stm32cubeide_1.0.1/stm32cubeide/plugins/com.st.stm32cube.ide.mcu.externaltools.gnu-tools-for-stm32.7-2018-q2-update.win32_1.0.0.201904181610/tools/bin/../lib/gcc/arm-none-eabi/7.3.1/../../../../arm-none-eabi/lib/thumb/v7e-m/fpv4-sp/hard\libc_nano.a(lib_a-assert.o)
                0x000000000800a150                __assert_func
 .text.__errno  0x000000000800a18c        0xc c:/programfiles/stm32cubeide_1.0.1/stm32cubeide/plugins/com.st.stm32cube.ide.mcu.externaltools.gnu-tools-for-stm32.7-2018-q2-update.win32_1.0.0.201904181610/tools/bin/../lib/gcc/arm-none-eabi/7.3.1/../../../../arm-none-eabi/lib/thumb/v7e-m/fpv4-sp/hard\libc_nano.a(lib_a-errno.o)
                0x000000000800a18c                __errno
 .text.fprintf  0x000000000800a198       0x24 c:/programfiles/stm32cubeide_1.0.1/stm32cubeide/plugins/com.st.stm32cube.ide.mcu.externaltools.gnu-tools-for-stm32.7-2018-q2-update.win32_1.0.0.201904181610/tools/bin/../lib/gcc/arm-none-eabi/7.3.1/../../../../arm-none-eabi/lib/thumb/v7e-m/fpv4-sp/hard\libc_nano.a(lib_a-fprintf.o)
                0x000000000800a198                fiprintf
                0x000000000800a198                fprintf
 .text.__libc_init_array
                0x000000000800a1bc       0x48 c:/programfiles/stm32cubeide_1.0.1/stm32cubeide/plugins/com.st.stm32cube.ide.mcu.externaltools.gnu-tools-for-stm32.7-2018-q2-update.win32_1.0.0.201904181610/tools/bin/../lib/gcc/arm-none-eabi/7.3.1/../../../../arm-none-eabi/lib/thumb/v7e-m/fpv4-sp/hard\libc_nano.a(lib_a-init.o)
                0x000000000800a1bc                __libc_init_array
 .text.memcpy   0x000000000800a204       0x16 c:/programfiles/stm32cubeide_1.0.1/stm32cubeide/plugins/com.st.stm32cube.ide.mcu.externaltools.gnu-tools-for-stm32.7-2018-q2-update.win32_1.0.0.201904181610/tools/bin/../lib/gcc/arm-none-eabi/7.3.1/../../../../arm-none-eabi/lib/thumb/v7e-m/fpv4-sp/hard\libc_nano.a(lib_a-memcpy-stub.o)
                0x000000000800a204                memcpy
 .text.memset   0x000000000800a21a       0x10 c:/programfiles/stm32cubeide_1.0.1/stm32cubeide/plugins/com.st.stm32cube.ide.mcu.externaltools.gnu-tools-for-stm32.7-2018-q2-update.win32_1.0.0.201904181610/tools/bin/../lib/gcc/arm-none-eabi/7.3.1/../../../../arm-none-eabi/lib/thumb/v7e-m/fpv4-sp/hard\libc_nano.a(lib_a-memset.o)
                0x000000000800a21a                memset
 .text.__sfputc_r
                0x000000000800a22a       0x2e c:/programfiles/stm32cubeide_1.0.1/stm32cubeide/plugins/com.st.stm32cube.ide.mcu.externaltools.gnu-tools-for-stm32.7-2018-q2-update.win32_1.0.0.201904181610/tools/bin/../lib/gcc/arm-none-eabi/7.3.1/../../../../arm-none-eabi/lib/thumb/v7e-m/fpv4-sp/hard\libc_nano.a(lib_a-nano-vfprintf.o)
 .text.__sfputs_r
                0x000000000800a258       0x24 c:/programfiles/stm32cubeide_1.0.1/stm32cubeide/plugins/com.st.stm32cube.ide.mcu.externaltools.gnu-tools-for-stm32.7-2018-q2-update.win32_1.0.0.201904181610/tools/bin/../lib/gcc/arm-none-eabi/7.3.1/../../../../arm-none-eabi/lib/thumb/v7e-m/fpv4-sp/hard\libc_nano.a(lib_a-nano-vfprintf.o)
                0x000000000800a258                __sfputs_r
 .text._vfprintf_r
                0x000000000800a27c      0x22c c:/programfiles/stm32cubeide_1.0.1/stm32cubeide/plugins/com.st.stm32cube.ide.mcu.externaltools.gnu-tools-for-stm32.7-2018-q2-update.win32_1.0.0.201904181610/tools/bin/../lib/gcc/arm-none-eabi/7.3.1/../../../../arm-none-eabi/lib/thumb/v7e-m/fpv4-sp/hard\libc_nano.a(lib_a-nano-vfprintf.o)
                0x000000000800a27c                _vfprintf_r
                0x000000000800a27c                _vfiprintf_r
 .text._printf_common
                0x000000000800a4a8       0xea c:/programfiles/stm32cubeide_1.0.1/stm32cubeide/plugins/com.st.stm32cube.ide.mcu.externaltools.gnu-tools-for-stm32.7-2018-q2-update.win32_1.0.0.201904181610/tools/bin/../lib/gcc/arm-none-eabi/7.3.1/../../../../arm-none-eabi/lib/thumb/v7e-m/fpv4-sp/hard\libc_nano.a(lib_a-nano-vfprintf_i.o)
                0x000000000800a4a8                _printf_common
 *fill*         0x000000000800a592        0x2 
 .text._printf_i
                0x000000000800a594      0x224 c:/programfiles/stm32cubeide_1.0.1/stm32cubeide/plugins/com.st.stm32cube.ide.mcu.externaltools.gnu-tools-for-stm32.7-2018-q2-update.win32_1.0.0.201904181610/tools/bin/../lib/gcc/arm-none-eabi/7.3.1/../../../../arm-none-eabi/lib/thumb/v7e-m/fpv4-sp/hard\libc_nano.a(lib_a-nano-vfprintf_i.o)
                0x000000000800a594                _printf_i
 .text.printf   0x000000000800a7b8       0x30 c:/programfiles/stm32cubeide_1.0.1/stm32cubeide/plugins/com.st.stm32cube.ide.mcu.externaltools.gnu-tools-for-stm32.7-2018-q2-update.win32_1.0.0.201904181610/tools/bin/../lib/gcc/arm-none-eabi/7.3.1/../../../../arm-none-eabi/lib/thumb/v7e-m/fpv4-sp/hard\libc_nano.a(lib_a-printf.o)
                0x000000000800a7b8                iprintf
                0x000000000800a7b8                printf
 .text._puts_r  0x000000000800a7e8       0xb8 c:/programfiles/stm32cubeide_1.0.1/stm32cubeide/plugins/com.st.stm32cube.ide.mcu.externaltools.gnu-tools-for-stm32.7-2018-q2-update.win32_1.0.0.201904181610/tools/bin/../lib/gcc/arm-none-eabi/7.3.1/../../../../arm-none-eabi/lib/thumb/v7e-m/fpv4-sp/hard\libc_nano.a(lib_a-puts.o)
                0x000000000800a7e8                _puts_r
 .text.puts     0x000000000800a8a0       0x10 c:/programfiles/stm32cubeide_1.0.1/stm32cubeide/plugins/com.st.stm32cube.ide.mcu.externaltools.gnu-tools-for-stm32.7-2018-q2-update.win32_1.0.0.201904181610/tools/bin/../lib/gcc/arm-none-eabi/7.3.1/../../../../arm-none-eabi/lib/thumb/v7e-m/fpv4-sp/hard\libc_nano.a(lib_a-puts.o)
                0x000000000800a8a0                puts
 .text.strncmp  0x000000000800a8b0       0x24 c:/programfiles/stm32cubeide_1.0.1/stm32cubeide/plugins/com.st.stm32cube.ide.mcu.externaltools.gnu-tools-for-stm32.7-2018-q2-update.win32_1.0.0.201904181610/tools/bin/../lib/gcc/arm-none-eabi/7.3.1/../../../../arm-none-eabi/lib/thumb/v7e-m/fpv4-sp/hard\libc_nano.a(lib_a-strncmp.o)
                0x000000000800a8b0                strncmp
 .text.__swbuf_r
                0x000000000800a8d4       0xa4 c:/programfiles/stm32cubeide_1.0.1/stm32cubeide/plugins/com.st.stm32cube.ide.mcu.externaltools.gnu-tools-for-stm32.7-2018-q2-update.win32_1.0.0.201904181610/tools/bin/../lib/gcc/arm-none-eabi/7.3.1/../../../../arm-none-eabi/lib/thumb/v7e-m/fpv4-sp/hard\libc_nano.a(lib_a-wbuf.o)
                0x000000000800a8d4                __swbuf_r
 .text.__swsetup_r
                0x000000000800a978       0xdc c:/programfiles/stm32cubeide_1.0.1/stm32cubeide/plugins/com.st.stm32cube.ide.mcu.externaltools.gnu-tools-for-stm32.7-2018-q2-update.win32_1.0.0.201904181610/tools/bin/../lib/gcc/arm-none-eabi/7.3.1/../../../../arm-none-eabi/lib/thumb/v7e-m/fpv4-sp/hard\libc_nano.a(lib_a-wsetup.o)
                0x000000000800a978                __swsetup_r
 .text.abort    0x000000000800aa54        0xe c:/programfiles/stm32cubeide_1.0.1/stm32cubeide/plugins/com.st.stm32cube.ide.mcu.externaltools.gnu-tools-for-stm32.7-2018-q2-update.win32_1.0.0.201904181610/tools/bin/../lib/gcc/arm-none-eabi/7.3.1/../../../../arm-none-eabi/lib/thumb/v7e-m/fpv4-sp/hard\libc_nano.a(lib_a-abort.o)
                0x000000000800aa54                abort
 *fill*         0x000000000800aa62        0x2 
 .text.__sflush_r
                0x000000000800aa64      0x10c c:/programfiles/stm32cubeide_1.0.1/stm32cubeide/plugins/com.st.stm32cube.ide.mcu.externaltools.gnu-tools-for-stm32.7-2018-q2-update.win32_1.0.0.201904181610/tools/bin/../lib/gcc/arm-none-eabi/7.3.1/../../../../arm-none-eabi/lib/thumb/v7e-m/fpv4-sp/hard\libc_nano.a(lib_a-fflush.o)
                0x000000000800aa64                __sflush_r
 .text._fflush_r
                0x000000000800ab70       0x54 c:/programfiles/stm32cubeide_1.0.1/stm32cubeide/plugins/com.st.stm32cube.ide.mcu.externaltools.gnu-tools-for-stm32.7-2018-q2-update.win32_1.0.0.201904181610/tools/bin/../lib/gcc/arm-none-eabi/7.3.1/../../../../arm-none-eabi/lib/thumb/v7e-m/fpv4-sp/hard\libc_nano.a(lib_a-fflush.o)
                0x000000000800ab70                _fflush_r
 .text.std      0x000000000800abc4       0x48 c:/programfiles/stm32cubeide_1.0.1/stm32cubeide/plugins/com.st.stm32cube.ide.mcu.externaltools.gnu-tools-for-stm32.7-2018-q2-update.win32_1.0.0.201904181610/tools/bin/../lib/gcc/arm-none-eabi/7.3.1/../../../../arm-none-eabi/lib/thumb/v7e-m/fpv4-sp/hard\libc_nano.a(lib_a-findfp.o)
 .text._cleanup_r
                0x000000000800ac0c        0xc c:/programfiles/stm32cubeide_1.0.1/stm32cubeide/plugins/com.st.stm32cube.ide.mcu.externaltools.gnu-tools-for-stm32.7-2018-q2-update.win32_1.0.0.201904181610/tools/bin/../lib/gcc/arm-none-eabi/7.3.1/../../../../arm-none-eabi/lib/thumb/v7e-m/fpv4-sp/hard\libc_nano.a(lib_a-findfp.o)
                0x000000000800ac0c                _cleanup_r
 .text.__sfmoreglue
                0x000000000800ac18       0x2c c:/programfiles/stm32cubeide_1.0.1/stm32cubeide/plugins/com.st.stm32cube.ide.mcu.externaltools.gnu-tools-for-stm32.7-2018-q2-update.win32_1.0.0.201904181610/tools/bin/../lib/gcc/arm-none-eabi/7.3.1/../../../../arm-none-eabi/lib/thumb/v7e-m/fpv4-sp/hard\libc_nano.a(lib_a-findfp.o)
                0x000000000800ac18                __sfmoreglue
 .text.__sinit  0x000000000800ac44       0x60 c:/programfiles/stm32cubeide_1.0.1/stm32cubeide/plugins/com.st.stm32cube.ide.mcu.externaltools.gnu-tools-for-stm32.7-2018-q2-update.win32_1.0.0.201904181610/tools/bin/../lib/gcc/arm-none-eabi/7.3.1/../../../../arm-none-eabi/lib/thumb/v7e-m/fpv4-sp/hard\libc_nano.a(lib_a-findfp.o)
                0x000000000800ac44                __sinit
 .text.__sfp    0x000000000800aca4       0x78 c:/programfiles/stm32cubeide_1.0.1/stm32cubeide/plugins/com.st.stm32cube.ide.mcu.externaltools.gnu-tools-for-stm32.7-2018-q2-update.win32_1.0.0.201904181610/tools/bin/../lib/gcc/arm-none-eabi/7.3.1/../../../../arm-none-eabi/lib/thumb/v7e-m/fpv4-sp/hard\libc_nano.a(lib_a-findfp.o)
                0x000000000800aca4                __sfp
 .text._fwalk_reent
                0x000000000800ad1c       0x3c c:/programfiles/stm32cubeide_1.0.1/stm32cubeide/plugins/com.st.stm32cube.ide.mcu.externaltools.gnu-tools-for-stm32.7-2018-q2-update.win32_1.0.0.201904181610/tools/bin/../lib/gcc/arm-none-eabi/7.3.1/../../../../arm-none-eabi/lib/thumb/v7e-m/fpv4-sp/hard\libc_nano.a(lib_a-fwalk.o)
                0x000000000800ad1c                _fwalk_reent
 .text.__swhatbuf_r
                0x000000000800ad58       0x48 c:/programfiles/stm32cubeide_1.0.1/stm32cubeide/plugins/com.st.stm32cube.ide.mcu.externaltools.gnu-tools-for-stm32.7-2018-q2-update.win32_1.0.0.201904181610/tools/bin/../lib/gcc/arm-none-eabi/7.3.1/../../../../arm-none-eabi/lib/thumb/v7e-m/fpv4-sp/hard\libc_nano.a(lib_a-makebuf.o)
                0x000000000800ad58                __swhatbuf_r
 .text.__smakebuf_r
                0x000000000800ada0       0x80 c:/programfiles/stm32cubeide_1.0.1/stm32cubeide/plugins/com.st.stm32cube.ide.mcu.externaltools.gnu-tools-for-stm32.7-2018-q2-update.win32_1.0.0.201904181610/tools/bin/../lib/gcc/arm-none-eabi/7.3.1/../../../../arm-none-eabi/lib/thumb/v7e-m/fpv4-sp/hard\libc_nano.a(lib_a-makebuf.o)
                0x000000000800ada0                __smakebuf_r
 .text._free_r  0x000000000800ae20       0x9c c:/programfiles/stm32cubeide_1.0.1/stm32cubeide/plugins/com.st.stm32cube.ide.mcu.externaltools.gnu-tools-for-stm32.7-2018-q2-update.win32_1.0.0.201904181610/tools/bin/../lib/gcc/arm-none-eabi/7.3.1/../../../../arm-none-eabi/lib/thumb/v7e-m/fpv4-sp/hard\libc_nano.a(lib_a-nano-freer.o)
                0x000000000800ae20                _free_r
 .text._malloc_r
                0x000000000800aebc       0xb4 c:/programfiles/stm32cubeide_1.0.1/stm32cubeide/plugins/com.st.stm32cube.ide.mcu.externaltools.gnu-tools-for-stm32.7-2018-q2-update.win32_1.0.0.201904181610/tools/bin/../lib/gcc/arm-none-eabi/7.3.1/../../../../arm-none-eabi/lib/thumb/v7e-m/fpv4-sp/hard\libc_nano.a(lib_a-nano-mallocr.o)
                0x000000000800aebc                _malloc_r
 .text._sbrk_r  0x000000000800af70       0x20 c:/programfiles/stm32cubeide_1.0.1/stm32cubeide/plugins/com.st.stm32cube.ide.mcu.externaltools.gnu-tools-for-stm32.7-2018-q2-update.win32_1.0.0.201904181610/tools/bin/../lib/gcc/arm-none-eabi/7.3.1/../../../../arm-none-eabi/lib/thumb/v7e-m/fpv4-sp/hard\libc_nano.a(lib_a-sbrkr.o)
                0x000000000800af70                _sbrk_r
 .text._raise_r
                0x000000000800af90       0x50 c:/programfiles/stm32cubeide_1.0.1/stm32cubeide/plugins/com.st.stm32cube.ide.mcu.externaltools.gnu-tools-for-stm32.7-2018-q2-update.win32_1.0.0.201904181610/tools/bin/../lib/gcc/arm-none-eabi/7.3.1/../../../../arm-none-eabi/lib/thumb/v7e-m/fpv4-sp/hard\libc_nano.a(lib_a-signal.o)
                0x000000000800af90                _raise_r
 .text.raise    0x000000000800afe0       0x10 c:/programfiles/stm32cubeide_1.0.1/stm32cubeide/plugins/com.st.stm32cube.ide.mcu.externaltools.gnu-tools-for-stm32.7-2018-q2-update.win32_1.0.0.201904181610/tools/bin/../lib/gcc/arm-none-eabi/7.3.1/../../../../arm-none-eabi/lib/thumb/v7e-m/fpv4-sp/hard\libc_nano.a(lib_a-signal.o)
                0x000000000800afe0                raise
 .text._kill_r  0x000000000800aff0       0x24 c:/programfiles/stm32cubeide_1.0.1/stm32cubeide/plugins/com.st.stm32cube.ide.mcu.externaltools.gnu-tools-for-stm32.7-2018-q2-update.win32_1.0.0.201904181610/tools/bin/../lib/gcc/arm-none-eabi/7.3.1/../../../../arm-none-eabi/lib/thumb/v7e-m/fpv4-sp/hard\libc_nano.a(lib_a-signalr.o)
                0x000000000800aff0                _kill_r
 .text._getpid_r
                0x000000000800b014        0x4 c:/programfiles/stm32cubeide_1.0.1/stm32cubeide/plugins/com.st.stm32cube.ide.mcu.externaltools.gnu-tools-for-stm32.7-2018-q2-update.win32_1.0.0.201904181610/tools/bin/../lib/gcc/arm-none-eabi/7.3.1/../../../../arm-none-eabi/lib/thumb/v7e-m/fpv4-sp/hard\libc_nano.a(lib_a-signalr.o)
                0x000000000800b014                _getpid_r
 .text.__sread  0x000000000800b018       0x22 c:/programfiles/stm32cubeide_1.0.1/stm32cubeide/plugins/com.st.stm32cube.ide.mcu.externaltools.gnu-tools-for-stm32.7-2018-q2-update.win32_1.0.0.201904181610/tools/bin/../lib/gcc/arm-none-eabi/7.3.1/../../../../arm-none-eabi/lib/thumb/v7e-m/fpv4-sp/hard\libc_nano.a(lib_a-stdio.o)
                0x000000000800b018                __sread
 .text.__swrite
                0x000000000800b03a       0x38 c:/programfiles/stm32cubeide_1.0.1/stm32cubeide/plugins/com.st.stm32cube.ide.mcu.externaltools.gnu-tools-for-stm32.7-2018-q2-update.win32_1.0.0.201904181610/tools/bin/../lib/gcc/arm-none-eabi/7.3.1/../../../../arm-none-eabi/lib/thumb/v7e-m/fpv4-sp/hard\libc_nano.a(lib_a-stdio.o)
                0x000000000800b03a                __swrite
 .text.__sseek  0x000000000800b072       0x24 c:/programfiles/stm32cubeide_1.0.1/stm32cubeide/plugins/com.st.stm32cube.ide.mcu.externaltools.gnu-tools-for-stm32.7-2018-q2-update.win32_1.0.0.201904181610/tools/bin/../lib/gcc/arm-none-eabi/7.3.1/../../../../arm-none-eabi/lib/thumb/v7e-m/fpv4-sp/hard\libc_nano.a(lib_a-stdio.o)
                0x000000000800b072                __sseek
 .text.__sclose
                0x000000000800b096        0x8 c:/programfiles/stm32cubeide_1.0.1/stm32cubeide/plugins/com.st.stm32cube.ide.mcu.externaltools.gnu-tools-for-stm32.7-2018-q2-update.win32_1.0.0.201904181610/tools/bin/../lib/gcc/arm-none-eabi/7.3.1/../../../../arm-none-eabi/lib/thumb/v7e-m/fpv4-sp/hard\libc_nano.a(lib_a-stdio.o)
                0x000000000800b096                __sclose
 *fill*         0x000000000800b09e        0x2 
 .text._write_r
                0x000000000800b0a0       0x24 c:/programfiles/stm32cubeide_1.0.1/stm32cubeide/plugins/com.st.stm32cube.ide.mcu.externaltools.gnu-tools-for-stm32.7-2018-q2-update.win32_1.0.0.201904181610/tools/bin/../lib/gcc/arm-none-eabi/7.3.1/../../../../arm-none-eabi/lib/thumb/v7e-m/fpv4-sp/hard\libc_nano.a(lib_a-writer.o)
                0x000000000800b0a0                _write_r
 .text._close_r
                0x000000000800b0c4       0x20 c:/programfiles/stm32cubeide_1.0.1/stm32cubeide/plugins/com.st.stm32cube.ide.mcu.externaltools.gnu-tools-for-stm32.7-2018-q2-update.win32_1.0.0.201904181610/tools/bin/../lib/gcc/arm-none-eabi/7.3.1/../../../../arm-none-eabi/lib/thumb/v7e-m/fpv4-sp/hard\libc_nano.a(lib_a-closer.o)
                0x000000000800b0c4                _close_r
 .text._fstat_r
                0x000000000800b0e4       0x24 c:/programfiles/stm32cubeide_1.0.1/stm32cubeide/plugins/com.st.stm32cube.ide.mcu.externaltools.gnu-tools-for-stm32.7-2018-q2-update.win32_1.0.0.201904181610/tools/bin/../lib/gcc/arm-none-eabi/7.3.1/../../../../arm-none-eabi/lib/thumb/v7e-m/fpv4-sp/hard\libc_nano.a(lib_a-fstatr.o)
                0x000000000800b0e4                _fstat_r
 .text._isatty_r
                0x000000000800b108       0x20 c:/programfiles/stm32cubeide_1.0.1/stm32cubeide/plugins/com.st.stm32cube.ide.mcu.externaltools.gnu-tools-for-stm32.7-2018-q2-update.win32_1.0.0.201904181610/tools/bin/../lib/gcc/arm-none-eabi/7.3.1/../../../../arm-none-eabi/lib/thumb/v7e-m/fpv4-sp/hard\libc_nano.a(lib_a-isattyr.o)
                0x000000000800b108                _isatty_r
 .text._lseek_r
                0x000000000800b128       0x24 c:/programfiles/stm32cubeide_1.0.1/stm32cubeide/plugins/com.st.stm32cube.ide.mcu.externaltools.gnu-tools-for-stm32.7-2018-q2-update.win32_1.0.0.201904181610/tools/bin/../lib/gcc/arm-none-eabi/7.3.1/../../../../arm-none-eabi/lib/thumb/v7e-m/fpv4-sp/hard\libc_nano.a(lib_a-lseekr.o)
                0x000000000800b128                _lseek_r
 .text.__malloc_lock
                0x000000000800b14c        0x2 c:/programfiles/stm32cubeide_1.0.1/stm32cubeide/plugins/com.st.stm32cube.ide.mcu.externaltools.gnu-tools-for-stm32.7-2018-q2-update.win32_1.0.0.201904181610/tools/bin/../lib/gcc/arm-none-eabi/7.3.1/../../../../arm-none-eabi/lib/thumb/v7e-m/fpv4-sp/hard\libc_nano.a(lib_a-mlock.o)
                0x000000000800b14c                __malloc_lock
 .text.__malloc_unlock
                0x000000000800b14e        0x2 c:/programfiles/stm32cubeide_1.0.1/stm32cubeide/plugins/com.st.stm32cube.ide.mcu.externaltools.gnu-tools-for-stm32.7-2018-q2-update.win32_1.0.0.201904181610/tools/bin/../lib/gcc/arm-none-eabi/7.3.1/../../../../arm-none-eabi/lib/thumb/v7e-m/fpv4-sp/hard\libc_nano.a(lib_a-mlock.o)
                0x000000000800b14e                __malloc_unlock
 .text._read_r  0x000000000800b150       0x24 c:/programfiles/stm32cubeide_1.0.1/stm32cubeide/plugins/com.st.stm32cube.ide.mcu.externaltools.gnu-tools-for-stm32.7-2018-q2-update.win32_1.0.0.201904181610/tools/bin/../lib/gcc/arm-none-eabi/7.3.1/../../../../arm-none-eabi/lib/thumb/v7e-m/fpv4-sp/hard\libc_nano.a(lib_a-readr.o)
                0x000000000800b150                _read_r
 *(.glue_7)
 .glue_7        0x000000000800b174        0x0 linker stubs
 *(.glue_7t)
 .glue_7t       0x000000000800b174        0x0 linker stubs
 *(.eh_frame)
 .eh_frame      0x000000000800b174        0x0 c:/programfiles/stm32cubeide_1.0.1/stm32cubeide/plugins/com.st.stm32cube.ide.mcu.externaltools.gnu-tools-for-stm32.7-2018-q2-update.win32_1.0.0.201904181610/tools/bin/../lib/gcc/arm-none-eabi/7.3.1/thumb/v7e-m/fpv4-sp/hard/crtbegin.o
 *(.init)
 .init          0x000000000800b174        0x4 c:/programfiles/stm32cubeide_1.0.1/stm32cubeide/plugins/com.st.stm32cube.ide.mcu.externaltools.gnu-tools-for-stm32.7-2018-q2-update.win32_1.0.0.201904181610/tools/bin/../lib/gcc/arm-none-eabi/7.3.1/thumb/v7e-m/fpv4-sp/hard/crti.o
                0x000000000800b174                _init
 .init          0x000000000800b178        0x8 c:/programfiles/stm32cubeide_1.0.1/stm32cubeide/plugins/com.st.stm32cube.ide.mcu.externaltools.gnu-tools-for-stm32.7-2018-q2-update.win32_1.0.0.201904181610/tools/bin/../lib/gcc/arm-none-eabi/7.3.1/thumb/v7e-m/fpv4-sp/hard/crtn.o
 *(.fini)
 .fini          0x000000000800b180        0x4 c:/programfiles/stm32cubeide_1.0.1/stm32cubeide/plugins/com.st.stm32cube.ide.mcu.externaltools.gnu-tools-for-stm32.7-2018-q2-update.win32_1.0.0.201904181610/tools/bin/../lib/gcc/arm-none-eabi/7.3.1/thumb/v7e-m/fpv4-sp/hard/crti.o
                0x000000000800b180                _fini
 .fini          0x000000000800b184        0x8 c:/programfiles/stm32cubeide_1.0.1/stm32cubeide/plugins/com.st.stm32cube.ide.mcu.externaltools.gnu-tools-for-stm32.7-2018-q2-update.win32_1.0.0.201904181610/tools/bin/../lib/gcc/arm-none-eabi/7.3.1/thumb/v7e-m/fpv4-sp/hard/crtn.o
                0x000000000800b18c                . = ALIGN (0x4)
                0x000000000800b18c                _etext = .

.vfp11_veneer   0x000000000800b18c        0x0
 .vfp11_veneer  0x000000000800b18c        0x0 linker stubs

.v4_bx          0x000000000800b18c        0x0
 .v4_bx         0x000000000800b18c        0x0 linker stubs

.iplt           0x000000000800b18c        0x0
 .iplt          0x000000000800b18c        0x0 c:/programfiles/stm32cubeide_1.0.1/stm32cubeide/plugins/com.st.stm32cube.ide.mcu.externaltools.gnu-tools-for-stm32.7-2018-q2-update.win32_1.0.0.201904181610/tools/bin/../lib/gcc/arm-none-eabi/7.3.1/thumb/v7e-m/fpv4-sp/hard/crtbegin.o

.rodata         0x000000000800b18c      0xcec
                0x000000000800b18c                . = ALIGN (0x4)
 *(.rodata)
 .rodata        0x000000000800b18c       0x5b Core/Src/App/ecat_slv.o
 *fill*         0x000000000800b1e7        0x1 
 .rodata        0x000000000800b1e8       0x10 Core/Src/App/esc.o
 .rodata        0x000000000800b1f8       0x80 Core/Src/App/esc_coe.o
 .rodata        0x000000000800b278      0x21d Core/Src/App/esc_foe.o
 *fill*         0x000000000800b495        0x3 
 .rodata        0x000000000800b498        0xc Core/Src/App/slave_objectlist.o
 .rodata        0x000000000800b4a4       0x21 Core/Src/main.o
 *fill*         0x000000000800b4c5        0x3 
 .rodata        0x000000000800b4c8       0x10 Drivers/STM32L4xx_HAL_Driver/Src/stm32l4xx_hal_uart_ex.o
 *(.rodata*)
 .rodata.__func__.6418
                0x000000000800b4d8        0xd Core/Src/App/esc_coe.o
 *fill*         0x000000000800b4e5        0x3 
 .rodata.__func__.6464
                0x000000000800b4e8        0xc Core/Src/App/esc_coe.o
 .rodata.__func__.6477
                0x000000000800b4f4        0xe Core/Src/App/esc_coe.o
 *fill*         0x000000000800b502        0x2 
 .rodata.acName1000
                0x000000000800b504        0xc Core/Src/App/slave_objectlist.o
 .rodata.acName1008
                0x000000000800b510        0xc Core/Src/App/slave_objectlist.o
 .rodata.acName1009
                0x000000000800b51c       0x11 Core/Src/App/slave_objectlist.o
 *fill*         0x000000000800b52d        0x3 
 .rodata.acName100A
                0x000000000800b530       0x11 Core/Src/App/slave_objectlist.o
 *fill*         0x000000000800b541        0x3 
 .rodata.acName1018
                0x000000000800b544       0x10 Core/Src/App/slave_objectlist.o
 .rodata.acName1018_00
                0x000000000800b554        0xd Core/Src/App/slave_objectlist.o
 *fill*         0x000000000800b561        0x3 
 .rodata.acName1018_01
                0x000000000800b564        0xa Core/Src/App/slave_objectlist.o
 *fill*         0x000000000800b56e        0x2 
 .rodata.acName1018_02
                0x000000000800b570        0xd Core/Src/App/slave_objectlist.o
 *fill*         0x000000000800b57d        0x3 
 .rodata.acName1018_03
                0x000000000800b580       0x10 Core/Src/App/slave_objectlist.o
 .rodata.acName1018_04
                0x000000000800b590        0xe Core/Src/App/slave_objectlist.o
 *fill*         0x000000000800b59e        0x2 
 .rodata.acName1600
                0x000000000800b5a0        0x5 Core/Src/App/slave_objectlist.o
 *fill*         0x000000000800b5a5        0x3 
 .rodata.acName1600_00
                0x000000000800b5a8        0xd Core/Src/App/slave_objectlist.o
 *fill*         0x000000000800b5b5        0x3 
 .rodata.acName1600_01
                0x000000000800b5b8        0x5 Core/Src/App/slave_objectlist.o
 *fill*         0x000000000800b5bd        0x3 
 .rodata.acName1600_02
                0x000000000800b5c0        0x5 Core/Src/App/slave_objectlist.o
 *fill*         0x000000000800b5c5        0x3 
 .rodata.acName1601
                0x000000000800b5c8        0xd Core/Src/App/slave_objectlist.o
 *fill*         0x000000000800b5d5        0x3 
 .rodata.acName1601_00
                0x000000000800b5d8        0xd Core/Src/App/slave_objectlist.o
 *fill*         0x000000000800b5e5        0x3 
 .rodata.acName1601_01
                0x000000000800b5e8        0xd Core/Src/App/slave_objectlist.o
 *fill*         0x000000000800b5f5        0x3 
 .rodata.acName1601_02
                0x000000000800b5f8        0xa Core/Src/App/slave_objectlist.o
 *fill*         0x000000000800b602        0x2 
 .rodata.acName1A00
                0x000000000800b604        0x8 Core/Src/App/slave_objectlist.o
 .rodata.acName1A00_00
                0x000000000800b60c        0xd Core/Src/App/slave_objectlist.o
 *fill*         0x000000000800b619        0x3 
 .rodata.acName1A00_01
                0x000000000800b61c        0x8 Core/Src/App/slave_objectlist.o
 .rodata.acName1A01
                0x000000000800b624       0x10 Core/Src/App/slave_objectlist.o
 .rodata.acName1A01_00
                0x000000000800b634        0xd Core/Src/App/slave_objectlist.o
 *fill*         0x000000000800b641        0x3 
 .rodata.acName1A01_01
                0x000000000800b644       0x10 Core/Src/App/slave_objectlist.o
 .rodata.acName1A02
                0x000000000800b654        0xe Core/Src/App/slave_objectlist.o
 *fill*         0x000000000800b662        0x2 
 .rodata.acName1A02_00
                0x000000000800b664        0xd Core/Src/App/slave_objectlist.o
 *fill*         0x000000000800b671        0x3 
 .rodata.acName1A02_01
                0x000000000800b674        0x8 Core/Src/App/slave_objectlist.o
 .rodata.acName1A02_02
                0x000000000800b67c        0x8 Core/Src/App/slave_objectlist.o
 .rodata.acName1A02_03
                0x000000000800b684        0xa Core/Src/App/slave_objectlist.o
 *fill*         0x000000000800b68e        0x2 
 .rodata.acName1C00
                0x000000000800b690       0x20 Core/Src/App/slave_objectlist.o
 .rodata.acName1C00_00
                0x000000000800b6b0        0xd Core/Src/App/slave_objectlist.o
 *fill*         0x000000000800b6bd        0x3 
 .rodata.acName1C00_01
                0x000000000800b6c0       0x18 Core/Src/App/slave_objectlist.o
 .rodata.acName1C00_02
                0x000000000800b6d8       0x18 Core/Src/App/slave_objectlist.o
 .rodata.acName1C00_03
                0x000000000800b6f0       0x18 Core/Src/App/slave_objectlist.o
 .rodata.acName1C00_04
                0x000000000800b708       0x18 Core/Src/App/slave_objectlist.o
 .rodata.acName1C12
                0x000000000800b720       0x1e Core/Src/App/slave_objectlist.o
 *fill*         0x000000000800b73e        0x2 
 .rodata.acName1C12_00
                0x000000000800b740        0xd Core/Src/App/slave_objectlist.o
 *fill*         0x000000000800b74d        0x3 
 .rodata.acName1C12_01
                0x000000000800b750        0xc Core/Src/App/slave_objectlist.o
 .rodata.acName1C12_02
                0x000000000800b75c        0xc Core/Src/App/slave_objectlist.o
 .rodata.acName1C13
                0x000000000800b768       0x1e Core/Src/App/slave_objectlist.o
 *fill*         0x000000000800b786        0x2 
 .rodata.acName1C13_00
                0x000000000800b788        0xd Core/Src/App/slave_objectlist.o
 *fill*         0x000000000800b795        0x3 
 .rodata.acName1C13_01
                0x000000000800b798        0xc Core/Src/App/slave_objectlist.o
 .rodata.acName1C13_02
                0x000000000800b7a4        0xc Core/Src/App/slave_objectlist.o
 .rodata.acName1C13_03
                0x000000000800b7b0        0xc Core/Src/App/slave_objectlist.o
 .rodata.acName6000
                0x000000000800b7bc        0x8 Core/Src/App/slave_objectlist.o
 .rodata.acName6000_00
                0x000000000800b7c4        0xd Core/Src/App/slave_objectlist.o
 *fill*         0x000000000800b7d1        0x3 
 .rodata.acName6000_01
                0x000000000800b7d4        0x8 Core/Src/App/slave_objectlist.o
 .rodata.acName6001
                0x000000000800b7dc       0x10 Core/Src/App/slave_objectlist.o
 .rodata.acName6002
                0x000000000800b7ec        0xe Core/Src/App/slave_objectlist.o
 *fill*         0x000000000800b7fa        0x2 
 .rodata.acName6002_00
                0x000000000800b7fc        0xd Core/Src/App/slave_objectlist.o
 *fill*         0x000000000800b809        0x3 
 .rodata.acName6002_01
                0x000000000800b80c        0x8 Core/Src/App/slave_objectlist.o
 .rodata.acName6002_02
                0x000000000800b814        0x8 Core/Src/App/slave_objectlist.o
 .rodata.acName7000
                0x000000000800b81c        0x5 Core/Src/App/slave_objectlist.o
 *fill*         0x000000000800b821        0x3 
 .rodata.acName7000_00
                0x000000000800b824        0xd Core/Src/App/slave_objectlist.o
 *fill*         0x000000000800b831        0x3 
 .rodata.acName7000_01
                0x000000000800b834        0x5 Core/Src/App/slave_objectlist.o
 *fill*         0x000000000800b839        0x3 
 .rodata.acName7000_02
                0x000000000800b83c        0x5 Core/Src/App/slave_objectlist.o
 *fill*         0x000000000800b841        0x3 
 .rodata.acName7001
                0x000000000800b844        0xd Core/Src/App/slave_objectlist.o
 *fill*         0x000000000800b851        0x3 
 .rodata.acName8000
                0x000000000800b854        0xb Core/Src/App/slave_objectlist.o
 *fill*         0x000000000800b85f        0x1 
 .rodata.acName8000_00
                0x000000000800b860        0xd Core/Src/App/slave_objectlist.o
 *fill*         0x000000000800b86d        0x3 
 .rodata.acName8000_01
                0x000000000800b870        0xb Core/Src/App/slave_objectlist.o
 *fill*         0x000000000800b87b        0x1 
 .rodata.acName8000_02
                0x000000000800b87c        0x6 Core/Src/App/slave_objectlist.o
 *fill*         0x000000000800b882        0x2 
 .rodata.SDO1000
                0x000000000800b884       0x14 Core/Src/App/slave_objectlist.o
                0x000000000800b884                SDO1000
 .rodata.SDO1008
                0x000000000800b898       0x14 Core/Src/App/slave_objectlist.o
                0x000000000800b898                SDO1008
 .rodata.SDO1009
                0x000000000800b8ac       0x14 Core/Src/App/slave_objectlist.o
                0x000000000800b8ac                SDO1009
 .rodata.SDO100A
                0x000000000800b8c0       0x14 Core/Src/App/slave_objectlist.o
                0x000000000800b8c0                SDO100A
 .rodata.SDO1018
                0x000000000800b8d4       0x64 Core/Src/App/slave_objectlist.o
                0x000000000800b8d4                SDO1018
 .rodata.SDO1600
                0x000000000800b938       0x3c Core/Src/App/slave_objectlist.o
                0x000000000800b938                SDO1600
 .rodata.SDO1601
                0x000000000800b974       0x3c Core/Src/App/slave_objectlist.o
                0x000000000800b974                SDO1601
 .rodata.SDO1A00
                0x000000000800b9b0       0x28 Core/Src/App/slave_objectlist.o
                0x000000000800b9b0                SDO1A00
 .rodata.SDO1A01
                0x000000000800b9d8       0x28 Core/Src/App/slave_objectlist.o
                0x000000000800b9d8                SDO1A01
 .rodata.SDO1A02
                0x000000000800ba00       0x50 Core/Src/App/slave_objectlist.o
                0x000000000800ba00                SDO1A02
 .rodata.SDO1C00
                0x000000000800ba50       0x64 Core/Src/App/slave_objectlist.o
                0x000000000800ba50                SDO1C00
 .rodata.SDO1C12
                0x000000000800bab4       0x3c Core/Src/App/slave_objectlist.o
                0x000000000800bab4                SDO1C12
 .rodata.SDO1C13
                0x000000000800baf0       0x50 Core/Src/App/slave_objectlist.o
                0x000000000800baf0                SDO1C13
 .rodata.SDO6000
                0x000000000800bb40       0x28 Core/Src/App/slave_objectlist.o
                0x000000000800bb40                SDO6000
 .rodata.SDO6001
                0x000000000800bb68       0x14 Core/Src/App/slave_objectlist.o
                0x000000000800bb68                SDO6001
 .rodata.SDO6002
                0x000000000800bb7c       0x3c Core/Src/App/slave_objectlist.o
                0x000000000800bb7c                SDO6002
 .rodata.SDO7000
                0x000000000800bbb8       0x3c Core/Src/App/slave_objectlist.o
                0x000000000800bbb8                SDO7000
 .rodata.SDO7001
                0x000000000800bbf4       0x14 Core/Src/App/slave_objectlist.o
                0x000000000800bbf4                SDO7001
 .rodata.SDO8000
                0x000000000800bc08       0x3c Core/Src/App/slave_objectlist.o
                0x000000000800bc08                SDO8000
 .rodata.SDOobjects
                0x000000000800bc44      0x118 Core/Src/App/slave_objectlist.o
                0x000000000800bc44                SDOobjects
 .rodata.AHBPrescTable
                0x000000000800bd5c       0x10 Core/Src/system_stm32l4xx.o
                0x000000000800bd5c                AHBPrescTable
 .rodata.APBPrescTable
                0x000000000800bd6c        0x8 Core/Src/system_stm32l4xx.o
                0x000000000800bd6c                APBPrescTable
 .rodata.MSIRangeTable
                0x000000000800bd74       0x30 Core/Src/system_stm32l4xx.o
                0x000000000800bd74                MSIRangeTable
 .rodata.__assert_func.str1.1
                0x000000000800bda4       0x3c c:/programfiles/stm32cubeide_1.0.1/stm32cubeide/plugins/com.st.stm32cube.ide.mcu.externaltools.gnu-tools-for-stm32.7-2018-q2-update.win32_1.0.0.201904181610/tools/bin/../lib/gcc/arm-none-eabi/7.3.1/../../../../arm-none-eabi/lib/thumb/v7e-m/fpv4-sp/hard\libc_nano.a(lib_a-assert.o)
                                         0x3d (size before relaxing)
 .rodata._global_impure_ptr
                0x000000000800bde0        0x4 c:/programfiles/stm32cubeide_1.0.1/stm32cubeide/plugins/com.st.stm32cube.ide.mcu.externaltools.gnu-tools-for-stm32.7-2018-q2-update.win32_1.0.0.201904181610/tools/bin/../lib/gcc/arm-none-eabi/7.3.1/../../../../arm-none-eabi/lib/thumb/v7e-m/fpv4-sp/hard\libc_nano.a(lib_a-impure.o)
                0x000000000800bde0                _global_impure_ptr
 .rodata._vfprintf_r.str1.1
                0x000000000800bde4       0x11 c:/programfiles/stm32cubeide_1.0.1/stm32cubeide/plugins/com.st.stm32cube.ide.mcu.externaltools.gnu-tools-for-stm32.7-2018-q2-update.win32_1.0.0.201904181610/tools/bin/../lib/gcc/arm-none-eabi/7.3.1/../../../../arm-none-eabi/lib/thumb/v7e-m/fpv4-sp/hard\libc_nano.a(lib_a-nano-vfprintf.o)
 .rodata._printf_i.str1.1
                0x000000000800bdf5       0x22 c:/programfiles/stm32cubeide_1.0.1/stm32cubeide/plugins/com.st.stm32cube.ide.mcu.externaltools.gnu-tools-for-stm32.7-2018-q2-update.win32_1.0.0.201904181610/tools/bin/../lib/gcc/arm-none-eabi/7.3.1/../../../../arm-none-eabi/lib/thumb/v7e-m/fpv4-sp/hard\libc_nano.a(lib_a-nano-vfprintf_i.o)
 *fill*         0x000000000800be17        0x1 
 .rodata.__sf_fake_stderr
                0x000000000800be18       0x20 c:/programfiles/stm32cubeide_1.0.1/stm32cubeide/plugins/com.st.stm32cube.ide.mcu.externaltools.gnu-tools-for-stm32.7-2018-q2-update.win32_1.0.0.201904181610/tools/bin/../lib/gcc/arm-none-eabi/7.3.1/../../../../arm-none-eabi/lib/thumb/v7e-m/fpv4-sp/hard\libc_nano.a(lib_a-findfp.o)
                0x000000000800be18                __sf_fake_stderr
 .rodata.__sf_fake_stdin
                0x000000000800be38       0x20 c:/programfiles/stm32cubeide_1.0.1/stm32cubeide/plugins/com.st.stm32cube.ide.mcu.externaltools.gnu-tools-for-stm32.7-2018-q2-update.win32_1.0.0.201904181610/tools/bin/../lib/gcc/arm-none-eabi/7.3.1/../../../../arm-none-eabi/lib/thumb/v7e-m/fpv4-sp/hard\libc_nano.a(lib_a-findfp.o)
                0x000000000800be38                __sf_fake_stdin
 .rodata.__sf_fake_stdout
                0x000000000800be58       0x20 c:/programfiles/stm32cubeide_1.0.1/stm32cubeide/plugins/com.st.stm32cube.ide.mcu.externaltools.gnu-tools-for-stm32.7-2018-q2-update.win32_1.0.0.201904181610/tools/bin/../lib/gcc/arm-none-eabi/7.3.1/../../../../arm-none-eabi/lib/thumb/v7e-m/fpv4-sp/hard\libc_nano.a(lib_a-findfp.o)
                0x000000000800be58                __sf_fake_stdout
                0x000000000800be78                . = ALIGN (0x4)

.ARM.extab      0x000000000800be78        0x0
                0x000000000800be78                . = ALIGN (0x4)
 *(.ARM.extab* .gnu.linkonce.armextab.*)
                0x000000000800be78                . = ALIGN (0x4)

.ARM            0x000000000800be78        0x8
                0x000000000800be78                . = ALIGN (0x4)
                0x000000000800be78                __exidx_start = .
 *(.ARM.exidx*)
 .ARM.exidx     0x000000000800be78        0x8 c:/programfiles/stm32cubeide_1.0.1/stm32cubeide/plugins/com.st.stm32cube.ide.mcu.externaltools.gnu-tools-for-stm32.7-2018-q2-update.win32_1.0.0.201904181610/tools/bin/../lib/gcc/arm-none-eabi/7.3.1/thumb/v7e-m/fpv4-sp/hard\libgcc.a(_udivmoddi4.o)
                0x000000000800be80                __exidx_end = .
                0x000000000800be80                . = ALIGN (0x4)

.rel.dyn        0x000000000800be80        0x0
 .rel.iplt      0x000000000800be80        0x0 c:/programfiles/stm32cubeide_1.0.1/stm32cubeide/plugins/com.st.stm32cube.ide.mcu.externaltools.gnu-tools-for-stm32.7-2018-q2-update.win32_1.0.0.201904181610/tools/bin/../lib/gcc/arm-none-eabi/7.3.1/thumb/v7e-m/fpv4-sp/hard/crtbegin.o

.preinit_array  0x000000000800be80        0x0
                0x000000000800be80                . = ALIGN (0x4)
                0x000000000800be80                PROVIDE (__preinit_array_start = .)
 *(.preinit_array*)
                0x000000000800be80                PROVIDE (__preinit_array_end = .)
                0x000000000800be80                . = ALIGN (0x4)

.init_array     0x000000000800be80        0x4
                0x000000000800be80                . = ALIGN (0x4)
                0x000000000800be80                PROVIDE (__init_array_start = .)
 *(SORT_BY_NAME(.init_array.*))
 *(.init_array*)
 .init_array    0x000000000800be80        0x4 c:/programfiles/stm32cubeide_1.0.1/stm32cubeide/plugins/com.st.stm32cube.ide.mcu.externaltools.gnu-tools-for-stm32.7-2018-q2-update.win32_1.0.0.201904181610/tools/bin/../lib/gcc/arm-none-eabi/7.3.1/thumb/v7e-m/fpv4-sp/hard/crtbegin.o
                0x000000000800be84                PROVIDE (__init_array_end = .)
                0x000000000800be84                . = ALIGN (0x4)

.fini_array     0x000000000800be84        0x4
                0x000000000800be84                . = ALIGN (0x4)
                [!provide]                        PROVIDE (__fini_array_start = .)
 *(SORT_BY_NAME(.fini_array.*))
 *(.fini_array*)
 .fini_array    0x000000000800be84        0x4 c:/programfiles/stm32cubeide_1.0.1/stm32cubeide/plugins/com.st.stm32cube.ide.mcu.externaltools.gnu-tools-for-stm32.7-2018-q2-update.win32_1.0.0.201904181610/tools/bin/../lib/gcc/arm-none-eabi/7.3.1/thumb/v7e-m/fpv4-sp/hard/crtbegin.o
                [!provide]                        PROVIDE (__fini_array_end = .)
                0x000000000800be88                . = ALIGN (0x4)
                0x000000000800be88                _sidata = LOADADDR (.data)

.data           0x0000000020000000       0xd4 load address 0x000000000800be88
                0x0000000020000000                . = ALIGN (0x4)
                0x0000000020000000                _sdata = .
 *(.data)
 *(.data*)
 .data.mb0.6426
                0x0000000020000000        0x8 Core/Src/App/esc.o
 .data.mb1.6427
                0x0000000020000008        0x8 Core/Src/App/esc.o
 .data.mbboot0.6428
                0x0000000020000010        0x8 Core/Src/App/esc.o
 .data.mbboot1.6429
                0x0000000020000018        0x8 Core/Src/App/esc.o
 .data.lan9252  0x0000000020000020        0x4 Core/Src/App/esc_hw.o
 .data.config.10200
                0x0000000020000024       0x40 Core/Src/main.o
 .data.SystemCoreClock
                0x0000000020000064        0x4 Core/Src/system_stm32l4xx.o
                0x0000000020000064                SystemCoreClock
 .data.uwTickPrio
                0x0000000020000068        0x4 Drivers/STM32L4xx_HAL_Driver/Src/stm32l4xx_hal.o
                0x0000000020000068                uwTickPrio
 .data.uwTickFreq
                0x000000002000006c        0x4 Drivers/STM32L4xx_HAL_Driver/Src/stm32l4xx_hal.o
                0x000000002000006c                uwTickFreq
 .data._impure_ptr
                0x0000000020000070        0x4 c:/programfiles/stm32cubeide_1.0.1/stm32cubeide/plugins/com.st.stm32cube.ide.mcu.externaltools.gnu-tools-for-stm32.7-2018-q2-update.win32_1.0.0.201904181610/tools/bin/../lib/gcc/arm-none-eabi/7.3.1/../../../../arm-none-eabi/lib/thumb/v7e-m/fpv4-sp/hard\libc_nano.a(lib_a-impure.o)
                0x0000000020000070                _impure_ptr
 .data.impure_data
                0x0000000020000074       0x60 c:/programfiles/stm32cubeide_1.0.1/stm32cubeide/plugins/com.st.stm32cube.ide.mcu.externaltools.gnu-tools-for-stm32.7-2018-q2-update.win32_1.0.0.201904181610/tools/bin/../lib/gcc/arm-none-eabi/7.3.1/../../../../arm-none-eabi/lib/thumb/v7e-m/fpv4-sp/hard\libc_nano.a(lib_a-impure.o)
                0x00000000200000d4                . = ALIGN (0x4)
                0x00000000200000d4                _edata = .

.igot.plt       0x00000000200000d4        0x0 load address 0x000000000800bf5c
 .igot.plt      0x00000000200000d4        0x0 c:/programfiles/stm32cubeide_1.0.1/stm32cubeide/plugins/com.st.stm32cube.ide.mcu.externaltools.gnu-tools-for-stm32.7-2018-q2-update.win32_1.0.0.201904181610/tools/bin/../lib/gcc/arm-none-eabi/7.3.1/thumb/v7e-m/fpv4-sp/hard/crtbegin.o
                0x00000000200000d4                . = ALIGN (0x4)

.bss            0x00000000200000d8      0x8ec load address 0x000000000800bf5c
                0x00000000200000d8                _sbss = .
                0x00000000200000d8                __bss_start__ = _sbss
 *(.bss)
 .bss           0x00000000200000d8       0x1c c:/programfiles/stm32cubeide_1.0.1/stm32cubeide/plugins/com.st.stm32cube.ide.mcu.externaltools.gnu-tools-for-stm32.7-2018-q2-update.win32_1.0.0.201904181610/tools/bin/../lib/gcc/arm-none-eabi/7.3.1/thumb/v7e-m/fpv4-sp/hard/crtbegin.o
 *(.bss*)
 .bss.watchdog  0x00000000200000f4        0x4 Core/Src/App/ecat_slv.o
 .bss.rxpdo     0x00000000200000f8       0x2a Core/Src/App/ecat_slv.o
 *fill*         0x0000000020000122        0x6 
 .bss.txpdo     0x0000000020000128       0x2a Core/Src/App/ecat_slv.o
 *fill*         0x0000000020000152        0x2 
 .bss.foe_cfg   0x0000000020000154        0x4 Core/Src/App/esc_foe.o
 .bss.foe_files
                0x0000000020000158        0x4 Core/Src/App/esc_foe.o
 .bss.foe_file  0x000000002000015c        0x4 Core/Src/App/esc_foe.o
 .bss.FOEvar    0x0000000020000160       0x13 Core/Src/App/esc_foe.o
 *fill*         0x0000000020000173        0x1 
 .bss.heap_end.6424
                0x0000000020000174        0x4 Core/Src/sysmem.o
 .bss.__malloc_free_list
                0x0000000020000178        0x4 c:/programfiles/stm32cubeide_1.0.1/stm32cubeide/plugins/com.st.stm32cube.ide.mcu.externaltools.gnu-tools-for-stm32.7-2018-q2-update.win32_1.0.0.201904181610/tools/bin/../lib/gcc/arm-none-eabi/7.3.1/../../../../arm-none-eabi/lib/thumb/v7e-m/fpv4-sp/hard\libc_nano.a(lib_a-nano-mallocr.o)
                0x0000000020000178                __malloc_free_list
 .bss.__malloc_sbrk_start
                0x000000002000017c        0x4 c:/programfiles/stm32cubeide_1.0.1/stm32cubeide/plugins/com.st.stm32cube.ide.mcu.externaltools.gnu-tools-for-stm32.7-2018-q2-update.win32_1.0.0.201904181610/tools/bin/../lib/gcc/arm-none-eabi/7.3.1/../../../../arm-none-eabi/lib/thumb/v7e-m/fpv4-sp/hard\libc_nano.a(lib_a-nano-mallocr.o)
                0x000000002000017c                __malloc_sbrk_start
 *(COMMON)
 COMMON         0x0000000020000180      0x297 Core/Src/App/ecat_slv.o
                0x0000000020000180                ESCvar
                0x000000002000024c                MBX
                0x00000000200003cc                SMmap2
                0x00000000200003ec                SMmap3
                0x0000000020000414                MBXcontrol
 *fill*         0x0000000020000417        0x1 
 COMMON         0x0000000020000418       0x10 Core/Src/App/esc_foe.o
                0x0000000020000418                foe_file_name
 COMMON         0x0000000020000428      0x594 Core/Src/main.o
                0x0000000020000428                huart3
                0x00000000200004b4                hpcd_USB_OTG_FS
                0x00000000200008bc                hlpuart1
                0x0000000020000948                hspi1
                0x00000000200009ac                Obj
 COMMON         0x00000000200009bc        0x4 Drivers/STM32L4xx_HAL_Driver/Src/stm32l4xx_hal.o
                0x00000000200009bc                uwTick
 COMMON         0x00000000200009c0        0x4 c:/programfiles/stm32cubeide_1.0.1/stm32cubeide/plugins/com.st.stm32cube.ide.mcu.externaltools.gnu-tools-for-stm32.7-2018-q2-update.win32_1.0.0.201904181610/tools/bin/../lib/gcc/arm-none-eabi/7.3.1/../../../../arm-none-eabi/lib/thumb/v7e-m/fpv4-sp/hard\libc_nano.a(lib_a-reent.o)
                0x00000000200009c0                errno
                0x00000000200009c4                . = ALIGN (0x4)
                0x00000000200009c4                _ebss = .
                0x00000000200009c4                __bss_end__ = _ebss

._user_heap_stack
                0x00000000200009c4      0x604 load address 0x000000000800bf5c
                0x00000000200009c8                . = ALIGN (0x8)
 *fill*         0x00000000200009c4        0x4 
                0x00000000200009c8                PROVIDE (end = .)
                [!provide]                        PROVIDE (_end = .)
                0x0000000020000bc8                . = (. + _Min_Heap_Size)
 *fill*         0x00000000200009c8      0x200 
                0x0000000020000fc8                . = (. + _Min_Stack_Size)
 *fill*         0x0000000020000bc8      0x400 
                0x0000000020000fc8                . = ALIGN (0x8)

/DISCARD/
 libc.a(*)
 libm.a(*)
 libgcc.a(*)

.ARM.attributes
                0x0000000000000000       0x30
 *(.ARM.attributes)
 .ARM.attributes
                0x0000000000000000       0x22 c:/programfiles/stm32cubeide_1.0.1/stm32cubeide/plugins/com.st.stm32cube.ide.mcu.externaltools.gnu-tools-for-stm32.7-2018-q2-update.win32_1.0.0.201904181610/tools/bin/../lib/gcc/arm-none-eabi/7.3.1/thumb/v7e-m/fpv4-sp/hard/crti.o
 .ARM.attributes
                0x0000000000000022       0x34 c:/programfiles/stm32cubeide_1.0.1/stm32cubeide/plugins/com.st.stm32cube.ide.mcu.externaltools.gnu-tools-for-stm32.7-2018-q2-update.win32_1.0.0.201904181610/tools/bin/../lib/gcc/arm-none-eabi/7.3.1/thumb/v7e-m/fpv4-sp/hard/crtbegin.o
 .ARM.attributes
                0x0000000000000056       0x39 Core/Src/App/ecat_slv.o
 .ARM.attributes
                0x000000000000008f       0x39 Core/Src/App/esc.o
 .ARM.attributes
                0x00000000000000c8       0x39 Core/Src/App/esc_coe.o
 .ARM.attributes
                0x0000000000000101       0x39 Core/Src/App/esc_foe.o
 .ARM.attributes
                0x000000000000013a       0x39 Core/Src/App/esc_hw.o
 .ARM.attributes
                0x0000000000000173       0x39 Core/Src/App/slave_objectlist.o
 .ARM.attributes
                0x00000000000001ac       0x39 Core/Src/App/spi.o
 .ARM.attributes
                0x00000000000001e5       0x39 Core/Src/main.o
 .ARM.attributes
                0x000000000000021e       0x39 Core/Src/stm32l4xx_hal_msp.o
 .ARM.attributes
                0x0000000000000257       0x39 Core/Src/stm32l4xx_it.o
 .ARM.attributes
                0x0000000000000290       0x39 Core/Src/syscalls.o
 .ARM.attributes
                0x00000000000002c9       0x39 Core/Src/sysmem.o
 .ARM.attributes
                0x0000000000000302       0x39 Core/Src/system_stm32l4xx.o
 .ARM.attributes
                0x000000000000033b       0x21 Core/Startup/startup_stm32l4r5zitx.o
 .ARM.attributes
                0x000000000000035c       0x39 Drivers/STM32L4xx_HAL_Driver/Src/stm32l4xx_hal.o
 .ARM.attributes
                0x0000000000000395       0x39 Drivers/STM32L4xx_HAL_Driver/Src/stm32l4xx_hal_cortex.o
 .ARM.attributes
                0x00000000000003ce       0x39 Drivers/STM32L4xx_HAL_Driver/Src/stm32l4xx_hal_gpio.o
 .ARM.attributes
                0x0000000000000407       0x39 Drivers/STM32L4xx_HAL_Driver/Src/stm32l4xx_hal_pcd.o
 .ARM.attributes
                0x0000000000000440       0x39 Drivers/STM32L4xx_HAL_Driver/Src/stm32l4xx_hal_pcd_ex.o
 .ARM.attributes
                0x0000000000000479       0x39 Drivers/STM32L4xx_HAL_Driver/Src/stm32l4xx_hal_pwr_ex.o
 .ARM.attributes
                0x00000000000004b2       0x39 Drivers/STM32L4xx_HAL_Driver/Src/stm32l4xx_hal_rcc.o
 .ARM.attributes
                0x00000000000004eb       0x39 Drivers/STM32L4xx_HAL_Driver/Src/stm32l4xx_hal_rcc_ex.o
 .ARM.attributes
                0x0000000000000524       0x39 Drivers/STM32L4xx_HAL_Driver/Src/stm32l4xx_hal_spi.o
 .ARM.attributes
                0x000000000000055d       0x39 Drivers/STM32L4xx_HAL_Driver/Src/stm32l4xx_hal_uart.o
 .ARM.attributes
                0x0000000000000596       0x39 Drivers/STM32L4xx_HAL_Driver/Src/stm32l4xx_hal_uart_ex.o
 .ARM.attributes
                0x00000000000005cf       0x39 Drivers/STM32L4xx_HAL_Driver/Src/stm32l4xx_ll_usb.o
 .ARM.attributes
                0x0000000000000608       0x34 c:/programfiles/stm32cubeide_1.0.1/stm32cubeide/plugins/com.st.stm32cube.ide.mcu.externaltools.gnu-tools-for-stm32.7-2018-q2-update.win32_1.0.0.201904181610/tools/bin/../lib/gcc/arm-none-eabi/7.3.1/../../../../arm-none-eabi/lib/thumb/v7e-m/fpv4-sp/hard\libc_nano.a(lib_a-assert.o)
 .ARM.attributes
                0x000000000000063c       0x34 c:/programfiles/stm32cubeide_1.0.1/stm32cubeide/plugins/com.st.stm32cube.ide.mcu.externaltools.gnu-tools-for-stm32.7-2018-q2-update.win32_1.0.0.201904181610/tools/bin/../lib/gcc/arm-none-eabi/7.3.1/../../../../arm-none-eabi/lib/thumb/v7e-m/fpv4-sp/hard\libc_nano.a(lib_a-errno.o)
 .ARM.attributes
                0x0000000000000670       0x34 c:/programfiles/stm32cubeide_1.0.1/stm32cubeide/plugins/com.st.stm32cube.ide.mcu.externaltools.gnu-tools-for-stm32.7-2018-q2-update.win32_1.0.0.201904181610/tools/bin/../lib/gcc/arm-none-eabi/7.3.1/../../../../arm-none-eabi/lib/thumb/v7e-m/fpv4-sp/hard\libc_nano.a(lib_a-fprintf.o)
 .ARM.attributes
                0x00000000000006a4       0x34 c:/programfiles/stm32cubeide_1.0.1/stm32cubeide/plugins/com.st.stm32cube.ide.mcu.externaltools.gnu-tools-for-stm32.7-2018-q2-update.win32_1.0.0.201904181610/tools/bin/../lib/gcc/arm-none-eabi/7.3.1/../../../../arm-none-eabi/lib/thumb/v7e-m/fpv4-sp/hard\libc_nano.a(lib_a-impure.o)
 .ARM.attributes
                0x00000000000006d8       0x34 c:/programfiles/stm32cubeide_1.0.1/stm32cubeide/plugins/com.st.stm32cube.ide.mcu.externaltools.gnu-tools-for-stm32.7-2018-q2-update.win32_1.0.0.201904181610/tools/bin/../lib/gcc/arm-none-eabi/7.3.1/../../../../arm-none-eabi/lib/thumb/v7e-m/fpv4-sp/hard\libc_nano.a(lib_a-init.o)
 .ARM.attributes