esc.c:23:6:ESC_ALerror	24	static
esc.c:36:6:ESC_ALstatus	24	static
esc.c:52:6:ESC_ALstatusgotoerror	24	static
esc.c:90:6:ESC_ALeventmaskwrite	24	static
esc.c:101:10:ESC_ALeventmaskread	16	static
esc.c:113:6:ESC_ALeventwrite	24	static
esc.c:124:10:ESC_ALeventread	16	static
esc.c:136:6:ESC_SMack	24	static
esc.c:147:6:ESC_SMstatus	24	static
esc.c:158:6:ESC_SMwritepdi	24	static
esc.c:169:6:ESC_SMenable	24	static
esc.c:180:6:ESC_SMdisable	24	static
esc.c:190:6:ESC_address	8	static
esc.c:200:9:ESC_WDstatus	16	static
esc.c:212:9:ESC_SYNCactivation	16	static
esc.c:223:10:ESC_SYNC0cycletime	16	static
esc.c:235:10:ESC_SYNC1cycletime	16	static
esc.c:248:10:ESC_checkDC	16	static
esc.c:283:9:ESC_checkmbx	24	static
esc.c:317:9:ESC_startmbx	16	static
esc.c:351:9:ESC_startmbxboot	16	static
esc.c:378:6:ESC_stopmbx	16	static
esc.c:404:6:ESC_readmbx	16	static
esc.c:430:6:ESC_writembx	32	static
esc.c:452:6:ESC_ackmbxread	16	static
esc.c:466:9:ESC_claimbuffer	16	static
esc.c:497:9:ESC_outreqbuffer	16	static
esc.c:512:6:MBX_error	24	static
esc.c:534:9:ESC_mbxprocess	16	static
esc.c:654:6:ESC_xoeprocess	16	static
esc.c:683:9:ESC_checkSM23	24	static
esc.c:720:9:ESC_startinput	24	static
esc.c:787:6:ESC_stopinput	8	static
esc.c:810:9:ESC_startoutput	16	static
esc.c:824:6:ESC_stopoutput	8	static
esc.c:835:6:ESC_sm_act_event	16	static
esc.c:924:6:ESC_state	16	static
esc.c:1145:6:ESC_config	16	static
