esc_eoe.c:191:13:EOE_ip_uint32_to_byte	16	static
esc_eoe.c:203:13:EOE_ip_byte_to_uint32	16	static
esc_eoe.c:218:5:EOE_get_mac	24	static
esc_eoe.c:243:5:EOE_ecat_set_mac	24	static
esc_eoe.c:263:5:EOE_ecat_get_ip	24	static
esc_eoe.c:285:5:EOE_ecat_set_ip	24	static
esc_eoe.c:305:5:EOE_ecat_get_subnet	24	static
esc_eoe.c:327:5:EOE_ecat_set_subnet	24	static
esc_eoe.c:347:5:EOE_ecat_get_gateway	24	static
esc_eoe.c:370:5:EOE_ecat_set_gateway	24	static
esc_eoe.c:391:5:EOE_ecat_get_dns_ip	24	static
esc_eoe.c:413:5:EOE_ecat_set_dns_ip	24	static
esc_eoe.c:433:5:EOE_ecat_get_dns_name	24	static
esc_eoe.c:457:5:EOE_ecat_set_dns_name	24	static
esc_eoe.c:479:13:EOE_no_data_response	24	static
esc_eoe.c:499:13:EOE_get_ip	32	static
esc_eoe.c:612:13:EOE_set_ip	32	static
esc_eoe.c:724:13:EOE_receive_fragment	24	static
esc_eoe.c:816:13:EOE_send_fragment	32	static
esc_eoe.c:912:13:EOE_init_rx	8	static
esc_eoe.c:933:13:EOE_init_tx	8	static
esc_eoe.c:955:6:EOE_init	8	static
esc_eoe.c:968:6:EOE_config	16	static
esc_eoe.c:977:6:ESC_eoeprocess	24	static
esc_eoe.c:1053:6:ESC_eoeprocess_tx	8	static
